00:01.859  blend            | Read blend: "C:\Users\IsacC\Downloads\DeepLifeSimulator\art\astra-v1\proposals\grounded-work\grounded-work.blend"
00:02.015  cycles           | WARNING HIPEW initialization failed: Error opening HIP dynamic library
Info: Read library: 'C:\Users\IsacC\Downloads\DeepLifeSimulator\art\astra-v1\blend\shared-scene.blend', '//..\..\blend\shared-scene.blend', parent '<direct>'
INFO Draco is available, use library at C:\Program Files\Blender Foundation\Blender 5.2\5.2\scripts\addons_core\io_scene_gltf2\bf_intern_draco_bridge.dll
INFO MeshOptimizer is available, use library at C:\Program Files\Blender Foundation\Blender 5.2\5.2\scripts\addons_core\io_scene_gltf2\bf_intern_meshopt_bridge.dll
07:34:25 | INFO: Starting glTF 2.0 export
07:34:25 | INFO: Extracting primitive: Cube.031
07:34:25 | INFO: Primitives created: 1
07:34:25 | INFO: Extracting primitive: Cube.036
07:34:25 | INFO: Primitives created: 1
07:34:25 | INFO: Extracting primitive: Cube.037
07:34:25 | INFO: Primitives created: 1
07:34:25 | INFO: Extracting primitive: Cube.032
07:34:25 | INFO: Primitives created: 1
07:34:25 | INFO: Extracting primitive: Cube.034
07:34:25 | INFO: Primitives created: 1
07:34:25 | INFO: Extracting primitive: Cube.035
07:34:25 | INFO: Primitives created: 1
07:34:25 | INFO: Extracting primitive: Cube.033
07:34:25 | INFO: Primitives created: 1
07:34:25 | INFO: Extracting primitive: Wallet lower stitching
07:34:25 | INFO: Primitives created: 1
07:34:25 | INFO: Extracting primitive: Cube.030
07:34:25 | INFO: Primitives created: 1
07:34:25 | INFO: Extracting primitive: Wallet stitched edge
07:34:25 | INFO: Primitives created: 1
07:34:25 | INFO: Extracting primitive: Wallet stitched edge.001
07:34:25 | INFO: Primitives created: 1
07:34:25 | INFO: Finished glTF 2.0 export in 0.06826448440551758 s
00:12.109  render           | Saved: 'C:\Users\IsacC\Downloads\DeepLifeSimulator\art\astra-v1\proposals\grounded-entry\hero-start.png'
00:12.125  blend            | Read blend: "C:\Users\IsacC\Downloads\DeepLifeSimulator\art\astra-v1\proposals\grounded-work\grounded-work.blend"

Info: Saved as "hero-start.blend"
Info: Total files 1 | Changed 0 | Failed 0
Info: Saved as "hero-start.blend"
Info: Read library: 'C:\Users\IsacC\Downloads\DeepLifeSimulator\art\astra-v1\blend\shared-scene.blend', '//..\..\blend\shared-scene.blend', parent '<direct>'
07:34:35 | INFO: Starting glTF 2.0 export
07:34:35 | INFO: Extracting primitive: Cube.032
07:34:35 | INFO: Primitives created: 1
07:34:35 | INFO: Extracting primitive: Cube.031
07:34:35 | INFO: Primitives created: 1
07:34:35 | INFO: Extracting primitive: Cube.033
07:34:35 | INFO: Primitives created: 1
07:34:35 | INFO: Extracting primitive: Cube.030
07:34:35 | INFO: Primitives created: 1
07:34:35 | INFO: Extracting primitive: Cube.034
07:34:35 | INFO: Primitives created: 1
07:34:35 | INFO: Extracting primitive: Torus
07:34:35 | INFO: Primitives created: 1
07:34:35 | INFO: Extracting primitive: Torus.001
07:34:35 | INFO: Primitives created: 1
07:34:35 | INFO: Extracting primitive: Torus.002
07:34:35 | INFO: Primitives created: 1
07:34:35 | INFO: Extracting primitive: Cube.036
07:34:35 | INFO: Primitives created: 1
07:34:35 | INFO: Extracting primitive: Cube.039
07:34:35 | INFO: Primitives created: 1
07:34:35 | INFO: Extracting primitive: Cube.037
07:34:35 | INFO: Primitives created: 1
07:34:35 | INFO: Extracting primitive: Cube.038
07:34:35 | INFO: Primitives created: 1
07:34:35 | INFO: Extracting primitive: Cube.040
07:34:35 | INFO: Primitives created: 1
07:34:35 | INFO: Extracting primitive: Cube.041
07:34:35 | INFO: Primitives created: 1
07:34:35 | INFO: Extracting primitive: Cube.035
07:34:35 | INFO: Primitives created: 1
07:34:35 | INFO: Finished glTF 2.0 export in 0.027303695678710938 s
00:20.656  render           | Saved: 'C:\Users\IsacC\Downloads\DeepLifeSimulator\art\astra-v1\proposals\grounded-entry\hero-legacy.png'

Info: Saved as "hero-legacy.blend"
Info: Total files 1 | Changed 0 | Failed 0
Info: Saved as "hero-legacy.blend"
ENTRY_HERO_COMPLETE
Blender 5.2.1 LTS (hash 9e2066aef7ef built 2026-08-25 02:38:20)

Blender quit

helpers:54: DeprecationWarning: 'Material.use_nodes' is expected to be removed in Blender 6.0
helpers:54: DeprecationWarning: 'Material.use_nodes' is expected to be removed in Blender 6.0
