[    2664ms] [INFO] %cDownload the React DevTools for a better development experience: https://react.dev/link/react-devtools font-weight:bold @ http://localhost:8090/app/entry.ts.bundle?platform=web&dev=true&hot=false&lazy=true&transform.engine=hermes&transform.routerRoot=.%2Fapp&unstable_transformProfile=hermes-stable:18010
[    2714ms] [LOG] Running application "main" with appParams:
 {rootTag: #root, hydrate: undefined} 
Development-level warnings: ON.
Performance optimizations: OFF. @ http://localhost:8090/app/entry.ts.bundle?platform=web&dev=true&hot=false&lazy=true&transform.engine=hermes&transform.routerRoot=.%2Fapp&unstable_transformProfile=hermes-stable:67481
[    2866ms] [WARNING] "shadow*" style props are deprecated. Use "boxShadow". @ http://localhost:8090/app/entry.ts.bundle?platform=web&dev=true&hot=false&lazy=true&transform.engine=hermes&transform.routerRoot=.%2Fapp&unstable_transformProfile=hermes-stable:24332
[    2872ms] [WARNING] "textShadow*" style props are deprecated. Use "textShadow". @ http://localhost:8090/app/entry.ts.bundle?platform=web&dev=true&hot=false&lazy=true&transform.engine=hermes&transform.routerRoot=.%2Fapp&unstable_transformProfile=hermes-stable:24332
[    2882ms] [WARNING] [WARN] expo-av not available, using haptic feedback only @ http://localhost:8090/app/entry.ts.bundle?platform=web&dev=true&hot=false&lazy=true&transform.engine=hermes&transform.routerRoot=.%2Fapp&unstable_transformProfile=hermes-stable:211137
[    3029ms] [LOG] [Boot] layout_init_start (0ms)  @ http://localhost:8090/app/entry.ts.bundle?platform=web&dev=true&hot=false&lazy=true&transform.engine=hermes&transform.routerRoot=.%2Fapp&unstable_transformProfile=hermes-stable:595434
[    3041ms] [LOG] [Boot] layout_error_handlers_setup (12ms)  @ http://localhost:8090/app/entry.ts.bundle?platform=web&dev=true&hot=false&lazy=true&transform.engine=hermes&transform.routerRoot=.%2Fapp&unstable_transformProfile=hermes-stable:595434
[    3041ms] [LOG] [DEBUG] [Feature Flags] Status: {boringBuildMode: true, flags: Object} @ http://localhost:8090/app/entry.ts.bundle?platform=web&dev=true&hot=false&lazy=true&transform.engine=hermes&transform.routerRoot=.%2Fapp&unstable_transformProfile=hermes-stable:211135
[    3072ms] [LOG] [DEBUG] [TutorialManager] State: {showTutorial: false, stepsCount: 0, currentTutorialStep: 0, hasCurrentStep: false} @ http://localhost:8090/app/entry.ts.bundle?platform=web&dev=true&hot=false&lazy=true&transform.engine=hermes&transform.routerRoot=.%2Fapp&unstable_transformProfile=hermes-stable:211135
[    3072ms] [LOG] [DEBUG] [TutorialManager] shouldShowModal: {shouldShowModal: false} @ http://localhost:8090/app/entry.ts.bundle?platform=web&dev=true&hot=false&lazy=true&transform.engine=hermes&transform.routerRoot=.%2Fapp&unstable_transformProfile=hermes-stable:211135
[    3081ms] [WARNING] props.pointerEvents is deprecated. Use style.pointerEvents @ http://localhost:8090/app/entry.ts.bundle?platform=web&dev=true&hot=false&lazy=true&transform.engine=hermes&transform.routerRoot=.%2Fapp&unstable_transformProfile=hermes-stable:24332
[    3103ms] [INFO] [INFO] IAPHandler: Registering state updater @ http://localhost:8090/app/entry.ts.bundle?platform=web&dev=true&hot=false&lazy=true&transform.engine=hermes&transform.routerRoot=.%2Fapp&unstable_transformProfile=hermes-stable:211137
[    3104ms] [INFO] [INFO] Device detected: {deviceType: xlarge, isTablet: false, isAndroidDevice: false} @ http://localhost:8090/app/entry.ts.bundle?platform=web&dev=true&hot=false&lazy=true&transform.engine=hermes&transform.routerRoot=.%2Fapp&unstable_transformProfile=hermes-stable:211135
[    3106ms] [WARNING] Animated: `useNativeDriver` is not supported because the native animated module is missing. Falling back to JS-based animation. To resolve this, add `RCTAnimation` module to this app, or remove `useNativeDriver`. Make sure to run `bundle exec pod install` first. Read more about autolinking: https://github.com/react-native-community/cli/blob/master/docs/autolinking.md @ http://localhost:8090/app/entry.ts.bundle?platform=web&dev=true&hot=false&lazy=true&transform.engine=hermes&transform.routerRoot=.%2Fapp&unstable_transformProfile=hermes-stable:39221
[    3109ms] [LOG] [DEBUG] [TutorialManager] Modal should NOT be visible @ http://localhost:8090/app/entry.ts.bundle?platform=web&dev=true&hot=false&lazy=true&transform.engine=hermes&transform.routerRoot=.%2Fapp&unstable_transformProfile=hermes-stable:211137
[    3113ms] [LOG] [Boot] layout_providers_init (84ms)  @ http://localhost:8090/app/entry.ts.bundle?platform=web&dev=true&hot=false&lazy=true&transform.engine=hermes&transform.routerRoot=.%2Fapp&unstable_transformProfile=hermes-stable:595434
[    3113ms] [LOG] [AI Debug] Context initialized: {environment: dev, appVersion: 2.10.0, buildNumber: dev (v2.10.0), stateVersion: 46, hasStateGetter: true} @ http://localhost:8090/app/entry.ts.bundle?platform=web&dev=true&hot=false&lazy=true&transform.engine=hermes&transform.routerRoot=.%2Fapp&unstable_transformProfile=hermes-stable:437688
[    3114ms] [INFO] [INFO] [AI Debug] Context initialized @ http://localhost:8090/app/entry.ts.bundle?platform=web&dev=true&hot=false&lazy=true&transform.engine=hermes&transform.routerRoot=.%2Fapp&unstable_transformProfile=hermes-stable:211137
[    3115ms] [INFO] [INFO] [Boring Build] All optional systems disabled via feature flags @ http://localhost:8090/app/entry.ts.bundle?platform=web&dev=true&hot=false&lazy=true&transform.engine=hermes&transform.routerRoot=.%2Fapp&unstable_transformProfile=hermes-stable:211137
[    3116ms] [LOG] [Boot] layout_start (88ms)  @ http://localhost:8090/app/entry.ts.bundle?platform=web&dev=true&hot=false&lazy=true&transform.engine=hermes&transform.routerRoot=.%2Fapp&unstable_transformProfile=hermes-stable:595434
[    3117ms] [LOG] [DEBUG] Current segments: {segments: Array(0)} @ http://localhost:8090/app/entry.ts.bundle?platform=web&dev=true&hot=false&lazy=true&transform.engine=hermes&transform.routerRoot=.%2Fapp&unstable_transformProfile=hermes-stable:211135
[    3118ms] [LOG] [DEBUG] Stats bar decision: {showStatsBar: false, isOnboarding: false, isMainGame: false, currentPath: , isInOnboardingPath: false} @ http://localhost:8090/app/entry.ts.bundle?platform=web&dev=true&hot=false&lazy=true&transform.engine=hermes&transform.routerRoot=.%2Fapp&unstable_transformProfile=hermes-stable:211135
[    3127ms] [ERROR] [ERROR] Failed to load purchases: {error: Error: Unsupported platform: web
    at unsupportedPlatformError (http://localhost:8090/app/entry.t…} @ http://localhost:8090/app/entry.ts.bundle?platform=web&dev=true&hot=false&lazy=true&transform.engine=hermes&transform.routerRoot=.%2Fapp&unstable_transformProfile=hermes-stable:1544
[    3130ms] [LOG] [Boot] first_screen_visible (102ms)  @ http://localhost:8090/app/entry.ts.bundle?platform=web&dev=true&hot=false&lazy=true&transform.engine=hermes&transform.routerRoot=.%2Fapp&unstable_transformProfile=hermes-stable:595434
[    3131ms] [LOG] [Boot] app_ready (102ms)  @ http://localhost:8090/app/entry.ts.bundle?platform=web&dev=true&hot=false&lazy=true&transform.engine=hermes&transform.routerRoot=.%2Fapp&unstable_transformProfile=hermes-stable:595434
[    3131ms] [INFO] [INFO] [CircuitBreaker] Startup success recorded, circuit reset @ http://localhost:8090/app/entry.ts.bundle?platform=web&dev=true&hot=false&lazy=true&transform.engine=hermes&transform.routerRoot=.%2Fapp&unstable_transformProfile=hermes-stable:211137
[    3136ms] [LOG] [DEBUG] [TutorialManager] State: {showTutorial: false, stepsCount: 0, currentTutorialStep: 0, hasCurrentStep: false} @ http://localhost:8090/app/entry.ts.bundle?platform=web&dev=true&hot=false&lazy=true&transform.engine=hermes&transform.routerRoot=.%2Fapp&unstable_transformProfile=hermes-stable:211135
[    3137ms] [LOG] [DEBUG] [TutorialManager] shouldShowModal: {shouldShowModal: false} @ http://localhost:8090/app/entry.ts.bundle?platform=web&dev=true&hot=false&lazy=true&transform.engine=hermes&transform.routerRoot=.%2Fapp&unstable_transformProfile=hermes-stable:211135
[    3146ms] [LOG] [RootLayout] Crash recovery system initialized @ http://localhost:8090/app/entry.ts.bundle?platform=web&dev=true&hot=false&lazy=true&transform.engine=hermes&transform.routerRoot=.%2Fapp&unstable_transformProfile=hermes-stable:593794
[    3296ms] [LOG] === Startup Performance Analysis === @ :1648
[    3296ms] [LOG] Total startup time: 102ms @ :1649
[    3296ms] [LOG] 
Stage Breakdown: @ :1650
[    3296ms] [LOG]   layout_error_handlers_setup: 72ms (70.6%) @ :1652
[    3296ms] [LOG]   layout_start: 14ms (13.7%) @ :1652
[    3296ms] [LOG]   layout_init_start: 12ms (11.8%) @ :1652
[    3296ms] [LOG]   layout_providers_init: 4ms (3.9%) @ :1652
[    3296ms] [LOG]   first_screen_visible: 0ms (0.0%) @ :1652
[    3296ms] [LOG]   app_ready: 0ms (0.0%) @ :1652
[    3296ms] [LOG] 
Critical Path: layout_error_handlers_setup → layout_start → layout_init_start @ :1654
[    3296ms] [LOG] 
Bottlenecks: @ :1656
[    3296ms] [LOG]   layout_error_handlers_setup: 72ms (threshold: 10ms) - CRITICAL @ :1658
[    3296ms] [LOG] 
Recommendations: @ :1662
[    3296ms] [LOG]   • Critical bottlenecks detected: layout_error_handlers_setup @ :1663
[    3296ms] [LOG] === End Performance Analysis === @ :1665
[    3531ms] [LOG] === Native Module Audit Report === @ http://localhost:8090/app/entry.ts.bundle?platform=web&dev=true&hot=false&lazy=true&transform.engine=hermes&transform.routerRoot=.%2Fapp&unstable_transformProfile=hermes-stable:620212
[    3531ms] [LOG] iOS Version: Unknown @ http://localhost:8090/app/entry.ts.bundle?platform=web&dev=true&hot=false&lazy=true&transform.engine=hermes&transform.routerRoot=.%2Fapp&unstable_transformProfile=hermes-stable:620213
[    3531ms] [LOG] iOS 26 Beta: No @ http://localhost:8090/app/entry.ts.bundle?platform=web&dev=true&hot=false&lazy=true&transform.engine=hermes&transform.routerRoot=.%2Fapp&unstable_transformProfile=hermes-stable:620214
[    3531ms] [LOG] 
Summary: @ http://localhost:8090/app/entry.ts.bundle?platform=web&dev=true&hot=false&lazy=true&transform.engine=hermes&transform.routerRoot=.%2Fapp&unstable_transformProfile=hermes-stable:620215
[    3531ms] [LOG]   Total modules: 12 @ http://localhost:8090/app/entry.ts.bundle?platform=web&dev=true&hot=false&lazy=true&transform.engine=hermes&transform.routerRoot=.%2Fapp&unstable_transformProfile=hermes-stable:620216
[    3531ms] [LOG]   Linked: 1 @ http://localhost:8090/app/entry.ts.bundle?platform=web&dev=true&hot=false&lazy=true&transform.engine=hermes&transform.routerRoot=.%2Fapp&unstable_transformProfile=hermes-stable:620217
[    3531ms] [LOG]   TurboModules: 1 @ http://localhost:8090/app/entry.ts.bundle?platform=web&dev=true&hot=false&lazy=true&transform.engine=hermes&transform.routerRoot=.%2Fapp&unstable_transformProfile=hermes-stable:620218
[    3531ms] [LOG]   Compatible: 9 @ http://localhost:8090/app/entry.ts.bundle?platform=web&dev=true&hot=false&lazy=true&transform.engine=hermes&transform.routerRoot=.%2Fapp&unstable_transformProfile=hermes-stable:620219
[    3531ms] [LOG]   Incompatible: 0 @ http://localhost:8090/app/entry.ts.bundle?platform=web&dev=true&hot=false&lazy=true&transform.engine=hermes&transform.routerRoot=.%2Fapp&unstable_transformProfile=hermes-stable:620220
[    3531ms] [LOG]   Unavailable: 11 @ http://localhost:8090/app/entry.ts.bundle?platform=web&dev=true&hot=false&lazy=true&transform.engine=hermes&transform.routerRoot=.%2Fapp&unstable_transformProfile=hermes-stable:620221
[    3531ms] [LOG]   Errors: 0 @ http://localhost:8090/app/entry.ts.bundle?platform=web&dev=true&hot=false&lazy=true&transform.engine=hermes&transform.routerRoot=.%2Fapp&unstable_transformProfile=hermes-stable:620222
[    3531ms] [LOG] 
Module Details: @ http://localhost:8090/app/entry.ts.bundle?platform=web&dev=true&hot=false&lazy=true&transform.engine=hermes&transform.routerRoot=.%2Fapp&unstable_transformProfile=hermes-stable:620223
[    3532ms] [LOG]   expo-splash-screen: @ http://localhost:8090/app/entry.ts.bundle?platform=web&dev=true&hot=false&lazy=true&transform.engine=hermes&transform.routerRoot=.%2Fapp&unstable_transformProfile=hermes-stable:620225
[    3532ms] [LOG]     Linked: false @ http://localhost:8090/app/entry.ts.bundle?platform=web&dev=true&hot=false&lazy=true&transform.engine=hermes&transform.routerRoot=.%2Fapp&unstable_transformProfile=hermes-stable:620226
[    3532ms] [LOG]     TurboModule: false @ http://localhost:8090/app/entry.ts.bundle?platform=web&dev=true&hot=false&lazy=true&transform.engine=hermes&transform.routerRoot=.%2Fapp&unstable_transformProfile=hermes-stable:620227
[    3532ms] [LOG]     Status: unavailable @ http://localhost:8090/app/entry.ts.bundle?platform=web&dev=true&hot=false&lazy=true&transform.engine=hermes&transform.routerRoot=.%2Fapp&unstable_transformProfile=hermes-stable:620228
[    3532ms] [LOG]     iOS Compatible: true @ http://localhost:8090/app/entry.ts.bundle?platform=web&dev=true&hot=false&lazy=true&transform.engine=hermes&transform.routerRoot=.%2Fapp&unstable_transformProfile=hermes-stable:620230
[    3532ms] [LOG]   expo-status-bar: @ http://localhost:8090/app/entry.ts.bundle?platform=web&dev=true&hot=false&lazy=true&transform.engine=hermes&transform.routerRoot=.%2Fapp&unstable_transformProfile=hermes-stable:620225
[    3532ms] [LOG]     Linked: false @ http://localhost:8090/app/entry.ts.bundle?platform=web&dev=true&hot=false&lazy=true&transform.engine=hermes&transform.routerRoot=.%2Fapp&unstable_transformProfile=hermes-stable:620226
[    3532ms] [LOG]     TurboModule: false @ http://localhost:8090/app/entry.ts.bundle?platform=web&dev=true&hot=false&lazy=true&transform.engine=hermes&transform.routerRoot=.%2Fapp&unstable_transformProfile=hermes-stable:620227
[    3532ms] [LOG]     Status: unavailable @ http://localhost:8090/app/entry.ts.bundle?platform=web&dev=true&hot=false&lazy=true&transform.engine=hermes&transform.routerRoot=.%2Fapp&unstable_transformProfile=hermes-stable:620228
[    3532ms] [LOG]     iOS Compatible: true @ http://localhost:8090/app/entry.ts.bundle?platform=web&dev=true&hot=false&lazy=true&transform.engine=hermes&transform.routerRoot=.%2Fapp&unstable_transformProfile=hermes-stable:620230
[    3532ms] [LOG]   expo-haptics: @ http://localhost:8090/app/entry.ts.bundle?platform=web&dev=true&hot=false&lazy=true&transform.engine=hermes&transform.routerRoot=.%2Fapp&unstable_transformProfile=hermes-stable:620225
[    3532ms] [LOG]     Linked: false @ http://localhost:8090/app/entry.ts.bundle?platform=web&dev=true&hot=false&lazy=true&transform.engine=hermes&transform.routerRoot=.%2Fapp&unstable_transformProfile=hermes-stable:620226
[    3532ms] [LOG]     TurboModule: false @ http://localhost:8090/app/entry.ts.bundle?platform=web&dev=true&hot=false&lazy=true&transform.engine=hermes&transform.routerRoot=.%2Fapp&unstable_transformProfile=hermes-stable:620227
[    3532ms] [LOG]     Status: unavailable @ http://localhost:8090/app/entry.ts.bundle?platform=web&dev=true&hot=false&lazy=true&transform.engine=hermes&transform.routerRoot=.%2Fapp&unstable_transformProfile=hermes-stable:620228
[    3532ms] [LOG]     iOS Compatible: true @ http://localhost:8090/app/entry.ts.bundle?platform=web&dev=true&hot=false&lazy=true&transform.engine=hermes&transform.routerRoot=.%2Fapp&unstable_transformProfile=hermes-stable:620230
[    3532ms] [LOG]   expo-clipboard: @ http://localhost:8090/app/entry.ts.bundle?platform=web&dev=true&hot=false&lazy=true&transform.engine=hermes&transform.routerRoot=.%2Fapp&unstable_transformProfile=hermes-stable:620225
[    3532ms] [LOG]     Linked: false @ http://localhost:8090/app/entry.ts.bundle?platform=web&dev=true&hot=false&lazy=true&transform.engine=hermes&transform.routerRoot=.%2Fapp&unstable_transformProfile=hermes-stable:620226
[    3532ms] [LOG]     TurboModule: false @ http://localhost:8090/app/entry.ts.bundle?platform=web&dev=true&hot=false&lazy=true&transform.engine=hermes&transform.routerRoot=.%2Fapp&unstable_transformProfile=hermes-stable:620227
[    3532ms] [LOG]     Status: unavailable @ http://localhost:8090/app/entry.ts.bundle?platform=web&dev=true&hot=false&lazy=true&transform.engine=hermes&transform.routerRoot=.%2Fapp&unstable_transformProfile=hermes-stable:620228
[    3532ms] [LOG]     iOS Compatible: true @ http://localhost:8090/app/entry.ts.bundle?platform=web&dev=true&hot=false&lazy=true&transform.engine=hermes&transform.routerRoot=.%2Fapp&unstable_transformProfile=hermes-stable:620230
[    3532ms] [LOG]   expo-constants: @ http://localhost:8090/app/entry.ts.bundle?platform=web&dev=true&hot=false&lazy=true&transform.engine=hermes&transform.routerRoot=.%2Fapp&unstable_transformProfile=hermes-stable:620225
[    3532ms] [LOG]     Linked: false @ http://localhost:8090/app/entry.ts.bundle?platform=web&dev=true&hot=false&lazy=true&transform.engine=hermes&transform.routerRoot=.%2Fapp&unstable_transformProfile=hermes-stable:620226
[    3532ms] [LOG]     TurboModule: false @ http://localhost:8090/app/entry.ts.bundle?platform=web&dev=true&hot=false&lazy=true&transform.engine=hermes&transform.routerRoot=.%2Fapp&unstable_transformProfile=hermes-stable:620227
[    3532ms] [LOG]     Status: unavailable @ http://localhost:8090/app/entry.ts.bundle?platform=web&dev=true&hot=false&lazy=true&transform.engine=hermes&transform.routerRoot=.%2Fapp&unstable_transformProfile=hermes-stable:620228
[    3532ms] [LOG]     iOS Compatible: true @ http://localhost:8090/app/entry.ts.bundle?platform=web&dev=true&hot=false&lazy=true&transform.engine=hermes&transform.routerRoot=.%2Fapp&unstable_transformProfile=hermes-stable:620230
[    3532ms] [LOG]   expo-linear-gradient: @ http://localhost:8090/app/entry.ts.bundle?platform=web&dev=true&hot=false&lazy=true&transform.engine=hermes&transform.routerRoot=.%2Fapp&unstable_transformProfile=hermes-stable:620225
[    3532ms] [LOG]     Linked: false @ http://localhost:8090/app/entry.ts.bundle?platform=web&dev=true&hot=false&lazy=true&transform.engine=hermes&transform.routerRoot=.%2Fapp&unstable_transformProfile=hermes-stable:620226
[    3532ms] [LOG]     TurboModule: false @ http://localhost:8090/app/entry.ts.bundle?platform=web&dev=true&hot=false&lazy=true&transform.engine=hermes&transform.routerRoot=.%2Fapp&unstable_transformProfile=hermes-stable:620227
[    3532ms] [LOG]     Status: unavailable @ http://localhost:8090/app/entry.ts.bundle?platform=web&dev=true&hot=false&lazy=true&transform.engine=hermes&transform.routerRoot=.%2Fapp&unstable_transformProfile=hermes-stable:620228
[    3532ms] [LOG]     iOS Compatible: true @ http://localhost:8090/app/entry.ts.bundle?platform=web&dev=true&hot=false&lazy=true&transform.engine=hermes&transform.routerRoot=.%2Fapp&unstable_transformProfile=hermes-stable:620230
[    3533ms] [LOG]   @react-native-community/netinfo: @ http://localhost:8090/app/entry.ts.bundle?platform=web&dev=true&hot=false&lazy=true&transform.engine=hermes&transform.routerRoot=.%2Fapp&unstable_transformProfile=hermes-stable:620225
[    3533ms] [LOG]     Linked: false @ http://localhost:8090/app/entry.ts.bundle?platform=web&dev=true&hot=false&lazy=true&transform.engine=hermes&transform.routerRoot=.%2Fapp&unstable_transformProfile=hermes-stable:620226
[    3533ms] [LOG]     TurboModule: false @ http://localhost:8090/app/entry.ts.bundle?platform=web&dev=true&hot=false&lazy=true&transform.engine=hermes&transform.routerRoot=.%2Fapp&unstable_transformProfile=hermes-stable:620227
[    3533ms] [LOG]     Status: unavailable @ http://localhost:8090/app/entry.ts.bundle?platform=web&dev=true&hot=false&lazy=true&transform.engine=hermes&transform.routerRoot=.%2Fapp&unstable_transformProfile=hermes-stable:620228
[    3533ms] [LOG]     iOS Compatible: true @ http://localhost:8090/app/entry.ts.bundle?platform=web&dev=true&hot=false&lazy=true&transform.engine=hermes&transform.routerRoot=.%2Fapp&unstable_transformProfile=hermes-stable:620230
[    3533ms] [LOG]   react-native-gesture-handler: @ http://localhost:8090/app/entry.ts.bundle?platform=web&dev=true&hot=false&lazy=true&transform.engine=hermes&transform.routerRoot=.%2Fapp&unstable_transformProfile=hermes-stable:620225
[    3533ms] [LOG]     Linked: false @ http://localhost:8090/app/entry.ts.bundle?platform=web&dev=true&hot=false&lazy=true&transform.engine=hermes&transform.routerRoot=.%2Fapp&unstable_transformProfile=hermes-stable:620226
[    3533ms] [LOG]     TurboModule: false @ http://localhost:8090/app/entry.ts.bundle?platform=web&dev=true&hot=false&lazy=true&transform.engine=hermes&transform.routerRoot=.%2Fapp&unstable_transformProfile=hermes-stable:620227
[    3533ms] [LOG]     Status: unavailable @ http://localhost:8090/app/entry.ts.bundle?platform=web&dev=true&hot=false&lazy=true&transform.engine=hermes&transform.routerRoot=.%2Fapp&unstable_transformProfile=hermes-stable:620228
[    3533ms] [LOG]     iOS Compatible: true @ http://localhost:8090/app/entry.ts.bundle?platform=web&dev=true&hot=false&lazy=true&transform.engine=hermes&transform.routerRoot=.%2Fapp&unstable_transformProfile=hermes-stable:620230
[    3533ms] [LOG]   react-native-screens: @ http://localhost:8090/app/entry.ts.bundle?platform=web&dev=true&hot=false&lazy=true&transform.engine=hermes&transform.routerRoot=.%2Fapp&unstable_transformProfile=hermes-stable:620225
[    3533ms] [LOG]     Linked: false @ http://localhost:8090/app/entry.ts.bundle?platform=web&dev=true&hot=false&lazy=true&transform.engine=hermes&transform.routerRoot=.%2Fapp&unstable_transformProfile=hermes-stable:620226
[    3533ms] [LOG]     TurboModule: false @ http://localhost:8090/app/entry.ts.bundle?platform=web&dev=true&hot=false&lazy=true&transform.engine=hermes&transform.routerRoot=.%2Fapp&unstable_transformProfile=hermes-stable:620227
[    3533ms] [LOG]     Status: unavailable @ http://localhost:8090/app/entry.ts.bundle?platform=web&dev=true&hot=false&lazy=true&transform.engine=hermes&transform.routerRoot=.%2Fapp&unstable_transformProfile=hermes-stable:620228
[    3533ms] [LOG]     iOS Compatible: true @ http://localhost:8090/app/entry.ts.bundle?platform=web&dev=true&hot=false&lazy=true&transform.engine=hermes&transform.routerRoot=.%2Fapp&unstable_transformProfile=hermes-stable:620230
[    3533ms] [LOG]   ExceptionsManager: @ http://localhost:8090/app/entry.ts.bundle?platform=web&dev=true&hot=false&lazy=true&transform.engine=hermes&transform.routerRoot=.%2Fapp&unstable_transformProfile=hermes-stable:620225
[    3533ms] [LOG]     Linked: false @ http://localhost:8090/app/entry.ts.bundle?platform=web&dev=true&hot=false&lazy=true&transform.engine=hermes&transform.routerRoot=.%2Fapp&unstable_transformProfile=hermes-stable:620226
[    3533ms] [LOG]     TurboModule: false @ http://localhost:8090/app/entry.ts.bundle?platform=web&dev=true&hot=false&lazy=true&transform.engine=hermes&transform.routerRoot=.%2Fapp&unstable_transformProfile=hermes-stable:620227
[    3533ms] [LOG]     Status: unavailable @ http://localhost:8090/app/entry.ts.bundle?platform=web&dev=true&hot=false&lazy=true&transform.engine=hermes&transform.routerRoot=.%2Fapp&unstable_transformProfile=hermes-stable:620228
[    3533ms] [LOG]   PlatformConstants: @ http://localhost:8090/app/entry.ts.bundle?platform=web&dev=true&hot=false&lazy=true&transform.engine=hermes&transform.routerRoot=.%2Fapp&unstable_transformProfile=hermes-stable:620225
[    3533ms] [LOG]     Linked: false @ http://localhost:8090/app/entry.ts.bundle?platform=web&dev=true&hot=false&lazy=true&transform.engine=hermes&transform.routerRoot=.%2Fapp&unstable_transformProfile=hermes-stable:620226
[    3533ms] [LOG]     TurboModule: false @ http://localhost:8090/app/entry.ts.bundle?platform=web&dev=true&hot=false&lazy=true&transform.engine=hermes&transform.routerRoot=.%2Fapp&unstable_transformProfile=hermes-stable:620227
[    3533ms] [LOG]     Status: unavailable @ http://localhost:8090/app/entry.ts.bundle?platform=web&dev=true&hot=false&lazy=true&transform.engine=hermes&transform.routerRoot=.%2Fapp&unstable_transformProfile=hermes-stable:620228
[    3533ms] [LOG]   UIManager: @ http://localhost:8090/app/entry.ts.bundle?platform=web&dev=true&hot=false&lazy=true&transform.engine=hermes&transform.routerRoot=.%2Fapp&unstable_transformProfile=hermes-stable:620225
[    3533ms] [LOG]     Linked: true @ http://localhost:8090/app/entry.ts.bundle?platform=web&dev=true&hot=false&lazy=true&transform.engine=hermes&transform.routerRoot=.%2Fapp&unstable_transformProfile=hermes-stable:620226
[    3534ms] [LOG]     TurboModule: true @ http://localhost:8090/app/entry.ts.bundle?platform=web&dev=true&hot=false&lazy=true&transform.engine=hermes&transform.routerRoot=.%2Fapp&unstable_transformProfile=hermes-stable:620227
[    3534ms] [LOG]     Status: available @ http://localhost:8090/app/entry.ts.bundle?platform=web&dev=true&hot=false&lazy=true&transform.engine=hermes&transform.routerRoot=.%2Fapp&unstable_transformProfile=hermes-stable:620228
[    3534ms] [LOG] === End Audit Report === @ http://localhost:8090/app/entry.ts.bundle?platform=web&dev=true&hot=false&lazy=true&transform.engine=hermes&transform.routerRoot=.%2Fapp&unstable_transformProfile=hermes-stable:620239
[    3714ms] [INFO] [INFO] [HealthValidator] Startup health check completed {healthy: true, issuesCount: 0, warningsCount: 0, action: proceed, validationTime: 0ms} @ http://localhost:8090/app/entry.ts.bundle?platform=web&dev=true&hot=false&lazy=true&transform.engine=hermes&transform.routerRoot=.%2Fapp&unstable_transformProfile=hermes-stable:211135
[    3715ms] [LOG] [Index] Navigation to MainMenu successful @ http://localhost:8090/app/entry.ts.bundle?platform=web&dev=true&hot=false&lazy=true&transform.engine=hermes&transform.routerRoot=.%2Fapp&unstable_transformProfile=hermes-stable:620463
[    3757ms] [INFO] [INFO] [OnboardingFunnel] onboarding_step_view {step: MainMenu} @ http://localhost:8090/app/entry.ts.bundle?platform=web&dev=true&hot=false&lazy=true&transform.engine=hermes&transform.routerRoot=.%2Fapp&unstable_transformProfile=hermes-stable:211135
[    3759ms] [LOG] [DEBUG] [TutorialManager] State: {showTutorial: false, stepsCount: 0, currentTutorialStep: 0, hasCurrentStep: false} @ http://localhost:8090/app/entry.ts.bundle?platform=web&dev=true&hot=false&lazy=true&transform.engine=hermes&transform.routerRoot=.%2Fapp&unstable_transformProfile=hermes-stable:211135
[    3760ms] [LOG] [DEBUG] [TutorialManager] shouldShowModal: {shouldShowModal: false} @ http://localhost:8090/app/entry.ts.bundle?platform=web&dev=true&hot=false&lazy=true&transform.engine=hermes&transform.routerRoot=.%2Fapp&unstable_transformProfile=hermes-stable:211135
[    3764ms] [LOG] [DEBUG] Current segments: {segments: Array(2)} @ http://localhost:8090/app/entry.ts.bundle?platform=web&dev=true&hot=false&lazy=true&transform.engine=hermes&transform.routerRoot=.%2Fapp&unstable_transformProfile=hermes-stable:211135
[    3765ms] [LOG] [DEBUG] Stats bar decision: {showStatsBar: false, isOnboarding: true, isMainGame: false, currentPath: (onboarding)/MainMenu, isInOnboardingPath: true} @ http://localhost:8090/app/entry.ts.bundle?platform=web&dev=true&hot=false&lazy=true&transform.engine=hermes&transform.routerRoot=.%2Fapp&unstable_transformProfile=hermes-stable:211135
[    5063ms] [LOG] [Boot] layout_services_init (2034ms)  @ http://localhost:8090/app/entry.ts.bundle?platform=web&dev=true&hot=false&lazy=true&transform.engine=hermes&transform.routerRoot=.%2Fapp&unstable_transformProfile=hermes-stable:595434
[    5063ms] [LOG] [Boot] app_ready (2035ms)  @ http://localhost:8090/app/entry.ts.bundle?platform=web&dev=true&hot=false&lazy=true&transform.engine=hermes&transform.routerRoot=.%2Fapp&unstable_transformProfile=hermes-stable:595434
[    8719ms] [WARNING] [Index] Navigation health check timed out — proceeding anyway @ http://localhost:8090/app/entry.ts.bundle?platform=web&dev=true&hot=false&lazy=true&transform.engine=hermes&transform.routerRoot=.%2Fapp&unstable_transformProfile=hermes-stable:620442
[  123114ms] [LOG] [DEBUG] Skipping save: no life started yet (pristine initial state) @ http://localhost:8090/app/entry.ts.bundle?platform=web&dev=true&hot=false&lazy=true&transform.engine=hermes&transform.routerRoot=.%2Fapp&unstable_transformProfile=hermes-stable:211137
[  123115ms] [LOG] [DEBUG] Periodic auto-save completed @ http://localhost:8090/app/entry.ts.bundle?platform=web&dev=true&hot=false&lazy=true&transform.engine=hermes&transform.routerRoot=.%2Fapp&unstable_transformProfile=hermes-stable:211137
[  149737ms] [INFO] [INFO] [OnboardingFunnel] onboarding_step_view {step: Perks} @ http://localhost:8090/app/entry.ts.bundle?platform=web&dev=true&hot=false&lazy=true&transform.engine=hermes&transform.routerRoot=.%2Fapp&unstable_transformProfile=hermes-stable:211135
[  149739ms] [LOG] [DEBUG] [TutorialManager] State: {showTutorial: false, stepsCount: 0, currentTutorialStep: 0, hasCurrentStep: false} @ http://localhost:8090/app/entry.ts.bundle?platform=web&dev=true&hot=false&lazy=true&transform.engine=hermes&transform.routerRoot=.%2Fapp&unstable_transformProfile=hermes-stable:211135
[  149740ms] [LOG] [DEBUG] [TutorialManager] shouldShowModal: {shouldShowModal: false} @ http://localhost:8090/app/entry.ts.bundle?platform=web&dev=true&hot=false&lazy=true&transform.engine=hermes&transform.routerRoot=.%2Fapp&unstable_transformProfile=hermes-stable:211135
[  149745ms] [LOG] [DEBUG] Current segments: {segments: Array(2)} @ http://localhost:8090/app/entry.ts.bundle?platform=web&dev=true&hot=false&lazy=true&transform.engine=hermes&transform.routerRoot=.%2Fapp&unstable_transformProfile=hermes-stable:211135
[  149745ms] [LOG] [DEBUG] Stats bar decision: {showStatsBar: false, isOnboarding: true, isMainGame: false, currentPath: (onboarding)/Perks, isInOnboardingPath: true} @ http://localhost:8090/app/entry.ts.bundle?platform=web&dev=true&hot=false&lazy=true&transform.engine=hermes&transform.routerRoot=.%2Fapp&unstable_transformProfile=hermes-stable:211135
[  243119ms] [LOG] [DEBUG] Skipping save: no life started yet (pristine initial state) @ http://localhost:8090/app/entry.ts.bundle?platform=web&dev=true&hot=false&lazy=true&transform.engine=hermes&transform.routerRoot=.%2Fapp&unstable_transformProfile=hermes-stable:211137
[  243119ms] [LOG] [DEBUG] Periodic auto-save completed @ http://localhost:8090/app/entry.ts.bundle?platform=web&dev=true&hot=false&lazy=true&transform.engine=hermes&transform.routerRoot=.%2Fapp&unstable_transformProfile=hermes-stable:211137
[  302565ms] [INFO] [INFO] [Perks] Start button pressed {selectedPerks: 0, selectedMindset: null, scenarioId: food_courier} @ http://localhost:8090/app/entry.ts.bundle?platform=web&dev=true&hot=false&lazy=true&transform.engine=hermes&transform.routerRoot=.%2Fapp&unstable_transformProfile=hermes-stable:211135
[  302567ms] [INFO] [INFO] [OnboardingValidation] Onboarding validation completed {valid: true, errorCount: 0, warningCount: 0, missingFields: 0, invalidFields: 0} @ http://localhost:8090/app/entry.ts.bundle?platform=web&dev=true&hot=false&lazy=true&transform.engine=hermes&transform.routerRoot=.%2Fapp&unstable_transformProfile=hermes-stable:211135
[  302568ms] [INFO] [INFO] [GameInitializer] Onboarding validation passed successfully @ http://localhost:8090/app/entry.ts.bundle?platform=web&dev=true&hot=false&lazy=true&transform.engine=hermes&transform.routerRoot=.%2Fapp&unstable_transformProfile=hermes-stable:211137
[  302587ms] [INFO] [INFO] Created backup for slot 1: save_backup_1_1787349631989_1 (new_life) @ http://localhost:8090/app/entry.ts.bundle?platform=web&dev=true&hot=false&lazy=true&transform.engine=hermes&transform.routerRoot=.%2Fapp&unstable_transformProfile=hermes-stable:211137
[  302589ms] [LOG] [DEBUG] [SaveLoadMutex] Lock acquired for save @ http://localhost:8090/app/entry.ts.bundle?platform=web&dev=true&hot=false&lazy=true&transform.engine=hermes&transform.routerRoot=.%2Fapp&unstable_transformProfile=hermes-stable:211137
[  302634ms] [LOG] [DEBUG] Updated protected state for slot 1 @ http://localhost:8090/app/entry.ts.bundle?platform=web&dev=true&hot=false&lazy=true&transform.engine=hermes&transform.routerRoot=.%2Fapp&unstable_transformProfile=hermes-stable:211137
[  302635ms] [LOG] [DEBUG] [SaveQueue] Force save successful for slot 1 @ http://localhost:8090/app/entry.ts.bundle?platform=web&dev=true&hot=false&lazy=true&transform.engine=hermes&transform.routerRoot=.%2Fapp&unstable_transformProfile=hermes-stable:211137
[  302635ms] [LOG] [DEBUG] [SaveLoadMutex] Lock released for save @ http://localhost:8090/app/entry.ts.bundle?platform=web&dev=true&hot=false&lazy=true&transform.engine=hermes&transform.routerRoot=.%2Fapp&unstable_transformProfile=hermes-stable:211137
[  302635ms] [INFO] [INFO] [GameInitializer] Game state saved successfully {slot: 1} @ http://localhost:8090/app/entry.ts.bundle?platform=web&dev=true&hot=false&lazy=true&transform.engine=hermes&transform.routerRoot=.%2Fapp&unstable_transformProfile=hermes-stable:211135
[  302636ms] [LOG] [DEBUG] [SaveLoadMutex] Lock acquired for load @ http://localhost:8090/app/entry.ts.bundle?platform=web&dev=true&hot=false&lazy=true&transform.engine=hermes&transform.routerRoot=.%2Fapp&unstable_transformProfile=hermes-stable:211137
[  302641ms] [LOG] [DEBUG] [LOAD_GAME] Loaded from double-buffer source: B @ http://localhost:8090/app/entry.ts.bundle?platform=web&dev=true&hot=false&lazy=true&transform.engine=hermes&transform.routerRoot=.%2Fapp&unstable_transformProfile=hermes-stable:211137
[  302853ms] [WARNING] [WARN] Repaired corrupted state during load: [Created missing loans array, Set missing lastEventWeeksLived to 104] @ http://localhost:8090/app/entry.ts.bundle?platform=web&dev=true&hot=false&lazy=true&transform.engine=hermes&transform.routerRoot=.%2Fapp&unstable_transformProfile=hermes-stable:211135
[  302854ms] [LOG] [DEBUG] [LOAD_GAME] Synced stock market prices to the loaded save @ http://localhost:8090/app/entry.ts.bundle?platform=web&dev=true&hot=false&lazy=true&transform.engine=hermes&transform.routerRoot=.%2Fapp&unstable_transformProfile=hermes-stable:211137
[  302854ms] [INFO] [INFO] Game loaded successfully from slot: {slot: 1} @ http://localhost:8090/app/entry.ts.bundle?platform=web&dev=true&hot=false&lazy=true&transform.engine=hermes&transform.routerRoot=.%2Fapp&unstable_transformProfile=hermes-stable:211135
[  302855ms] [WARNING] [WARN] [LOAD_GAME] No child found in relationships array {relationshipsCount: 2, relationshipTypes: Array(2)} @ http://localhost:8090/app/entry.ts.bundle?platform=web&dev=true&hot=false&lazy=true&transform.engine=hermes&transform.routerRoot=.%2Fapp&unstable_transformProfile=hermes-stable:211135
[  302855ms] [LOG] [DEBUG] [SaveLoadMutex] Lock released for load @ http://localhost:8090/app/entry.ts.bundle?platform=web&dev=true&hot=false&lazy=true&transform.engine=hermes&transform.routerRoot=.%2Fapp&unstable_transformProfile=hermes-stable:211137
[  302855ms] [INFO] [INFO] [GameEntryValidation] Game entry validation completed {canEnter: true, reason: undefined, errorCount: 0, warningCount: 0, versionCompatible: true} @ http://localhost:8090/app/entry.ts.bundle?platform=web&dev=true&hot=false&lazy=true&transform.engine=hermes&transform.routerRoot=.%2Fapp&unstable_transformProfile=hermes-stable:211135
[  302855ms] [INFO] [INFO] [GameInitializer] Game entry validation passed after onboarding, ready for gameplay @ http://localhost:8090/app/entry.ts.bundle?platform=web&dev=true&hot=false&lazy=true&transform.engine=hermes&transform.routerRoot=.%2Fapp&unstable_transformProfile=hermes-stable:211137
[  302856ms] [INFO] [INFO] [OnboardingFunnel] onboarding_step_complete {step: Perks, slot: 1} @ http://localhost:8090/app/entry.ts.bundle?platform=web&dev=true&hot=false&lazy=true&transform.engine=hermes&transform.routerRoot=.%2Fapp&unstable_transformProfile=hermes-stable:211135
[  302888ms] [ERROR] [ERROR] Failed to load purchases: {error: Error: Unsupported platform: web
    at unsupportedPlatformError (http://localhost:8090/app/entry.t…} @ http://localhost:8090/app/entry.ts.bundle?platform=web&dev=true&hot=false&lazy=true&transform.engine=hermes&transform.routerRoot=.%2Fapp&unstable_transformProfile=hermes-stable:1544
[  303082ms] [LOG] [DEBUG] [TutorialManager] State: {showTutorial: false, stepsCount: 0, currentTutorialStep: 0, hasCurrentStep: false} @ http://localhost:8090/app/entry.ts.bundle?platform=web&dev=true&hot=false&lazy=true&transform.engine=hermes&transform.routerRoot=.%2Fapp&unstable_transformProfile=hermes-stable:211135
[  303082ms] [LOG] [DEBUG] [TutorialManager] shouldShowModal: {shouldShowModal: false} @ http://localhost:8090/app/entry.ts.bundle?platform=web&dev=true&hot=false&lazy=true&transform.engine=hermes&transform.routerRoot=.%2Fapp&unstable_transformProfile=hermes-stable:211135
[  303094ms] [ERROR] Received `%s` for a non-boolean attribute `%s`.

If you want to write it to the DOM, pass a string instead: %s="%s" or %s={value.toString()}.

If you used to conditionally omit it with %s={condition && value}, pass %s={condition ? value : undefined} instead. false collapsable collapsable false collapsable collapsable collapsable @ http://localhost:8090/app/entry.ts.bundle?platform=web&dev=true&hot=false&lazy=true&transform.engine=hermes&transform.routerRoot=.%2Fapp&unstable_transformProfile=hermes-stable:1544
[  303139ms] [LOG] [Performance] TopStatsBar rendered 1 times, 54ms since last render @ http://localhost:8090/app/entry.ts.bundle?platform=web&dev=true&hot=false&lazy=true&transform.engine=hermes&transform.routerRoot=.%2Fapp&unstable_transformProfile=hermes-stable:539478
[  303141ms] [LOG] [DEBUG] Current segments: {segments: Array(2)} @ http://localhost:8090/app/entry.ts.bundle?platform=web&dev=true&hot=false&lazy=true&transform.engine=hermes&transform.routerRoot=.%2Fapp&unstable_transformProfile=hermes-stable:211135
[  303142ms] [LOG] [DEBUG] Stats bar decision: {showStatsBar: true, isOnboarding: false, isMainGame: true, currentPath: (tabs)/home, isInOnboardingPath: false} @ http://localhost:8090/app/entry.ts.bundle?platform=web&dev=true&hot=false&lazy=true&transform.engine=hermes&transform.routerRoot=.%2Fapp&unstable_transformProfile=hermes-stable:211135
[  363114ms] [LOG] [DEBUG] [SaveLoadMutex] Lock acquired for save @ http://localhost:8090/app/entry.ts.bundle?platform=web&dev=true&hot=false&lazy=true&transform.engine=hermes&transform.routerRoot=.%2Fapp&unstable_transformProfile=hermes-stable:211137
[  363127ms] [LOG] [DEBUG] [SaveQueue] Persisted 1 queue operations @ http://localhost:8090/app/entry.ts.bundle?platform=web&dev=true&hot=false&lazy=true&transform.engine=hermes&transform.routerRoot=.%2Fapp&unstable_transformProfile=hermes-stable:211137
[  363142ms] [INFO] [INFO] Created backup for slot 1: save_backup_1_1787349692544_2 (auto_save) @ http://localhost:8090/app/entry.ts.bundle?platform=web&dev=true&hot=false&lazy=true&transform.engine=hermes&transform.routerRoot=.%2Fapp&unstable_transformProfile=hermes-stable:211137
[  363148ms] [LOG] [DEBUG] Updated protected state for slot 1 @ http://localhost:8090/app/entry.ts.bundle?platform=web&dev=true&hot=false&lazy=true&transform.engine=hermes&transform.routerRoot=.%2Fapp&unstable_transformProfile=hermes-stable:211137
[  363149ms] [INFO] [INFO] [SaveQueue] [SAVE_TELEMETRY] slot=1 duration=32ms size=53KB @ http://localhost:8090/app/entry.ts.bundle?platform=web&dev=true&hot=false&lazy=true&transform.engine=hermes&transform.routerRoot=.%2Fapp&unstable_transformProfile=hermes-stable:211137
[  363149ms] [LOG] [DEBUG] [SaveQueue] Save successful for slot 1 @ http://localhost:8090/app/entry.ts.bundle?platform=web&dev=true&hot=false&lazy=true&transform.engine=hermes&transform.routerRoot=.%2Fapp&unstable_transformProfile=hermes-stable:211137
[  363150ms] [INFO] [INFO] Game save queued successfully {slot: 1} @ http://localhost:8090/app/entry.ts.bundle?platform=web&dev=true&hot=false&lazy=true&transform.engine=hermes&transform.routerRoot=.%2Fapp&unstable_transformProfile=hermes-stable:211135
[  363150ms] [LOG] [DEBUG] [SaveLoadMutex] Lock released for save @ http://localhost:8090/app/entry.ts.bundle?platform=web&dev=true&hot=false&lazy=true&transform.engine=hermes&transform.routerRoot=.%2Fapp&unstable_transformProfile=hermes-stable:211137
[  363150ms] [LOG] [DEBUG] Periodic auto-save completed @ http://localhost:8090/app/entry.ts.bundle?platform=web&dev=true&hot=false&lazy=true&transform.engine=hermes&transform.routerRoot=.%2Fapp&unstable_transformProfile=hermes-stable:211137
[  377687ms] [ERROR] In HTML, %s cannot be a descendant of <%s>.
This will cause a hydration error.%s <button> button 

  ...
    <Suspense fallback={<SuspenseFallback>}>
      <TabLayout(./(tabs)/_layout.tsx) segment="(tabs)">
        <View style={{flex:1}}>
          <div dir={null} ref={function forwardRef} className="css-view-g..." style={{flex:1}}>
            <BottomTabNavigator>
            <SmartNotificationTicker>
            <PremiumPassPromo>
            <StatChangeIndicator>
            <AdRewardOrb>
              <View pointerEvents="box-none" style={[...]} collapsable={false} ref={function}>
                <div dir={null} ref={function forwardRef} className="css-view-g..." style={{top:"42%", ...}}>
                  <View style={[...]} collapsable={false} ref={function}>
                    <div dir={null} ref={function forwardRef} className="css-view-g..." style={{...}}>
                      <Pressable onPress={function} accessibilityRole="button" accessibilityLabel="Watch an a..." ...>
                        <View accessibilityRole="button" accessibilityLabel="Watch an a..." ...>
>                         <button
>                           onKeyDown={function}
>                           onClick={function onClick}
>                           onContextMenu={function}
>                           onBlur={function}
>                           onFocus={function}
>                           dir={null}
>                           ref={function forwardRef}
>                           aria-label="Watch an ad to earn $1,000"
>                           role="button"
>                           tabIndex={0}
>                           className="css-view-g5y9jx r-cursor-1loqt21 r-touchAction-1otgn73 r-alignItems-1awozwy r-b..."
>                           type="button"
>                         >
                            <Gradient>
                            <View>
                            <Pressable onPress={function} hitSlop={10} accessibilityRole="button" ...>
                              <View hitSlop={10} accessibilityRole="button" accessibilityLabel="Dismiss" ...>
>                               <button
>                                 onKeyDown={function}
>                                 onClick={function onClick}
>                                 onContextMenu={function}
>                                 onBlur={function}
>                                 onFocus={function}
>                                 dir={null}
>                                 ref={function forwardRef}
>                                 aria-label="Dismiss"
>                                 role="button"
>                                 tabIndex={0}
>                                 className="css-view-g5y9jx r-cursor-1loqt21 r-touchAction-1otgn73 r-alignItems-1awoz..."
>                                 type="button"
>                               >
              ...
 @ http://localhost:8090/app/entry.ts.bundle?platform=web&dev=true&hot=false&lazy=true&transform.engine=hermes&transform.routerRoot=.%2Fapp&unstable_transformProfile=hermes-stable:1544
[  377688ms] [ERROR] <%s> cannot contain a nested %s.
See this log for the ancestor stack trace. button <button> @ http://localhost:8090/app/entry.ts.bundle?platform=web&dev=true&hot=false&lazy=true&transform.engine=hermes&transform.routerRoot=.%2Fapp&unstable_transformProfile=hermes-stable:1544
[  483114ms] [LOG] [DEBUG] [SaveLoadMutex] Lock acquired for save @ http://localhost:8090/app/entry.ts.bundle?platform=web&dev=true&hot=false&lazy=true&transform.engine=hermes&transform.routerRoot=.%2Fapp&unstable_transformProfile=hermes-stable:211137
[  483118ms] [LOG] [DEBUG] [SaveQueue] Persisted 1 queue operations @ http://localhost:8090/app/entry.ts.bundle?platform=web&dev=true&hot=false&lazy=true&transform.engine=hermes&transform.routerRoot=.%2Fapp&unstable_transformProfile=hermes-stable:211137
[  483127ms] [INFO] [INFO] Created backup for slot 1: save_backup_1_1787349812530_3 (auto_save) @ http://localhost:8090/app/entry.ts.bundle?platform=web&dev=true&hot=false&lazy=true&transform.engine=hermes&transform.routerRoot=.%2Fapp&unstable_transformProfile=hermes-stable:211137
[  483135ms] [LOG] [DEBUG] Updated protected state for slot 1 @ http://localhost:8090/app/entry.ts.bundle?platform=web&dev=true&hot=false&lazy=true&transform.engine=hermes&transform.routerRoot=.%2Fapp&unstable_transformProfile=hermes-stable:211137
[  483135ms] [INFO] [INFO] [SaveQueue] [SAVE_TELEMETRY] slot=1 duration=21ms size=53KB @ http://localhost:8090/app/entry.ts.bundle?platform=web&dev=true&hot=false&lazy=true&transform.engine=hermes&transform.routerRoot=.%2Fapp&unstable_transformProfile=hermes-stable:211137
[  483135ms] [LOG] [DEBUG] [SaveQueue] Save successful for slot 1 @ http://localhost:8090/app/entry.ts.bundle?platform=web&dev=true&hot=false&lazy=true&transform.engine=hermes&transform.routerRoot=.%2Fapp&unstable_transformProfile=hermes-stable:211137
[  483136ms] [INFO] [INFO] Game save queued successfully {slot: 1} @ http://localhost:8090/app/entry.ts.bundle?platform=web&dev=true&hot=false&lazy=true&transform.engine=hermes&transform.routerRoot=.%2Fapp&unstable_transformProfile=hermes-stable:211135
[  483136ms] [LOG] [DEBUG] [SaveLoadMutex] Lock released for save @ http://localhost:8090/app/entry.ts.bundle?platform=web&dev=true&hot=false&lazy=true&transform.engine=hermes&transform.routerRoot=.%2Fapp&unstable_transformProfile=hermes-stable:211137
[  483137ms] [LOG] [DEBUG] Periodic auto-save completed @ http://localhost:8090/app/entry.ts.bundle?platform=web&dev=true&hot=false&lazy=true&transform.engine=hermes&transform.routerRoot=.%2Fapp&unstable_transformProfile=hermes-stable:211137
[  603115ms] [LOG] [DEBUG] [SaveLoadMutex] Lock acquired for save @ http://localhost:8090/app/entry.ts.bundle?platform=web&dev=true&hot=false&lazy=true&transform.engine=hermes&transform.routerRoot=.%2Fapp&unstable_transformProfile=hermes-stable:211137
[  603119ms] [LOG] [DEBUG] [SaveQueue] Persisted 1 queue operations @ http://localhost:8090/app/entry.ts.bundle?platform=web&dev=true&hot=false&lazy=true&transform.engine=hermes&transform.routerRoot=.%2Fapp&unstable_transformProfile=hermes-stable:211137
[  603128ms] [INFO] [INFO] Created backup for slot 1: save_backup_1_1787349932530_4 (auto_save) @ http://localhost:8090/app/entry.ts.bundle?platform=web&dev=true&hot=false&lazy=true&transform.engine=hermes&transform.routerRoot=.%2Fapp&unstable_transformProfile=hermes-stable:211137
[  603130ms] [INFO] [INFO] Removed 1 old backups for slot 1 @ http://localhost:8090/app/entry.ts.bundle?platform=web&dev=true&hot=false&lazy=true&transform.engine=hermes&transform.routerRoot=.%2Fapp&unstable_transformProfile=hermes-stable:211137
[  603136ms] [LOG] [DEBUG] Updated protected state for slot 1 @ http://localhost:8090/app/entry.ts.bundle?platform=web&dev=true&hot=false&lazy=true&transform.engine=hermes&transform.routerRoot=.%2Fapp&unstable_transformProfile=hermes-stable:211137
[  603136ms] [INFO] [INFO] [SaveQueue] [SAVE_TELEMETRY] slot=1 duration=21ms size=53KB @ http://localhost:8090/app/entry.ts.bundle?platform=web&dev=true&hot=false&lazy=true&transform.engine=hermes&transform.routerRoot=.%2Fapp&unstable_transformProfile=hermes-stable:211137
[  603136ms] [LOG] [DEBUG] [SaveQueue] Save successful for slot 1 @ http://localhost:8090/app/entry.ts.bundle?platform=web&dev=true&hot=false&lazy=true&transform.engine=hermes&transform.routerRoot=.%2Fapp&unstable_transformProfile=hermes-stable:211137
[  603136ms] [INFO] [INFO] Game save queued successfully {slot: 1} @ http://localhost:8090/app/entry.ts.bundle?platform=web&dev=true&hot=false&lazy=true&transform.engine=hermes&transform.routerRoot=.%2Fapp&unstable_transformProfile=hermes-stable:211135
[  603137ms] [LOG] [DEBUG] [SaveLoadMutex] Lock released for save @ http://localhost:8090/app/entry.ts.bundle?platform=web&dev=true&hot=false&lazy=true&transform.engine=hermes&transform.routerRoot=.%2Fapp&unstable_transformProfile=hermes-stable:211137
[  603137ms] [LOG] [DEBUG] Periodic auto-save completed @ http://localhost:8090/app/entry.ts.bundle?platform=web&dev=true&hot=false&lazy=true&transform.engine=hermes&transform.routerRoot=.%2Fapp&unstable_transformProfile=hermes-stable:211137
[  723114ms] [LOG] [DEBUG] [SaveLoadMutex] Lock acquired for save @ http://localhost:8090/app/entry.ts.bundle?platform=web&dev=true&hot=false&lazy=true&transform.engine=hermes&transform.routerRoot=.%2Fapp&unstable_transformProfile=hermes-stable:211137
[  723118ms] [LOG] [DEBUG] [SaveQueue] Persisted 1 queue operations @ http://localhost:8090/app/entry.ts.bundle?platform=web&dev=true&hot=false&lazy=true&transform.engine=hermes&transform.routerRoot=.%2Fapp&unstable_transformProfile=hermes-stable:211137
[  723131ms] [INFO] [INFO] Created backup for slot 1: save_backup_1_1787350052533_5 (auto_save) @ http://localhost:8090/app/entry.ts.bundle?platform=web&dev=true&hot=false&lazy=true&transform.engine=hermes&transform.routerRoot=.%2Fapp&unstable_transformProfile=hermes-stable:211137
[  723132ms] [INFO] [INFO] Removed 1 old backups for slot 1 @ http://localhost:8090/app/entry.ts.bundle?platform=web&dev=true&hot=false&lazy=true&transform.engine=hermes&transform.routerRoot=.%2Fapp&unstable_transformProfile=hermes-stable:211137
[  723139ms] [LOG] [DEBUG] Updated protected state for slot 1 @ http://localhost:8090/app/entry.ts.bundle?platform=web&dev=true&hot=false&lazy=true&transform.engine=hermes&transform.routerRoot=.%2Fapp&unstable_transformProfile=hermes-stable:211137
[  723140ms] [INFO] [INFO] [SaveQueue] [SAVE_TELEMETRY] slot=1 duration=25ms size=53KB @ http://localhost:8090/app/entry.ts.bundle?platform=web&dev=true&hot=false&lazy=true&transform.engine=hermes&transform.routerRoot=.%2Fapp&unstable_transformProfile=hermes-stable:211137
[  723140ms] [LOG] [DEBUG] [SaveQueue] Save successful for slot 1 @ http://localhost:8090/app/entry.ts.bundle?platform=web&dev=true&hot=false&lazy=true&transform.engine=hermes&transform.routerRoot=.%2Fapp&unstable_transformProfile=hermes-stable:211137
[  723140ms] [INFO] [INFO] Game save queued successfully {slot: 1} @ http://localhost:8090/app/entry.ts.bundle?platform=web&dev=true&hot=false&lazy=true&transform.engine=hermes&transform.routerRoot=.%2Fapp&unstable_transformProfile=hermes-stable:211135
[  723141ms] [LOG] [DEBUG] [SaveLoadMutex] Lock released for save @ http://localhost:8090/app/entry.ts.bundle?platform=web&dev=true&hot=false&lazy=true&transform.engine=hermes&transform.routerRoot=.%2Fapp&unstable_transformProfile=hermes-stable:211137
[  723141ms] [LOG] [DEBUG] Periodic auto-save completed @ http://localhost:8090/app/entry.ts.bundle?platform=web&dev=true&hot=false&lazy=true&transform.engine=hermes&transform.routerRoot=.%2Fapp&unstable_transformProfile=hermes-stable:211137
[  843112ms] [LOG] [DEBUG] [SaveLoadMutex] Lock acquired for save @ http://localhost:8090/app/entry.ts.bundle?platform=web&dev=true&hot=false&lazy=true&transform.engine=hermes&transform.routerRoot=.%2Fapp&unstable_transformProfile=hermes-stable:211137
[  843117ms] [LOG] [DEBUG] [SaveQueue] Persisted 1 queue operations @ http://localhost:8090/app/entry.ts.bundle?platform=web&dev=true&hot=false&lazy=true&transform.engine=hermes&transform.routerRoot=.%2Fapp&unstable_transformProfile=hermes-stable:211137
[  843126ms] [INFO] [INFO] Created backup for slot 1: save_backup_1_1787350172529_6 (auto_save) @ http://localhost:8090/app/entry.ts.bundle?platform=web&dev=true&hot=false&lazy=true&transform.engine=hermes&transform.routerRoot=.%2Fapp&unstable_transformProfile=hermes-stable:211137
[  843127ms] [INFO] [INFO] Removed 1 old backups for slot 1 @ http://localhost:8090/app/entry.ts.bundle?platform=web&dev=true&hot=false&lazy=true&transform.engine=hermes&transform.routerRoot=.%2Fapp&unstable_transformProfile=hermes-stable:211137
[  843135ms] [LOG] [DEBUG] Updated protected state for slot 1 @ http://localhost:8090/app/entry.ts.bundle?platform=web&dev=true&hot=false&lazy=true&transform.engine=hermes&transform.routerRoot=.%2Fapp&unstable_transformProfile=hermes-stable:211137
[  843135ms] [INFO] [INFO] [SaveQueue] [SAVE_TELEMETRY] slot=1 duration=21ms size=53KB @ http://localhost:8090/app/entry.ts.bundle?platform=web&dev=true&hot=false&lazy=true&transform.engine=hermes&transform.routerRoot=.%2Fapp&unstable_transformProfile=hermes-stable:211137
[  843135ms] [LOG] [DEBUG] [SaveQueue] Save successful for slot 1 @ http://localhost:8090/app/entry.ts.bundle?platform=web&dev=true&hot=false&lazy=true&transform.engine=hermes&transform.routerRoot=.%2Fapp&unstable_transformProfile=hermes-stable:211137
[  843136ms] [INFO] [INFO] Game save queued successfully {slot: 1} @ http://localhost:8090/app/entry.ts.bundle?platform=web&dev=true&hot=false&lazy=true&transform.engine=hermes&transform.routerRoot=.%2Fapp&unstable_transformProfile=hermes-stable:211135
[  843136ms] [LOG] [DEBUG] [SaveLoadMutex] Lock released for save @ http://localhost:8090/app/entry.ts.bundle?platform=web&dev=true&hot=false&lazy=true&transform.engine=hermes&transform.routerRoot=.%2Fapp&unstable_transformProfile=hermes-stable:211137
[  843136ms] [LOG] [DEBUG] Periodic auto-save completed @ http://localhost:8090/app/entry.ts.bundle?platform=web&dev=true&hot=false&lazy=true&transform.engine=hermes&transform.routerRoot=.%2Fapp&unstable_transformProfile=hermes-stable:211137
[  963114ms] [LOG] [DEBUG] [SaveLoadMutex] Lock acquired for save @ http://localhost:8090/app/entry.ts.bundle?platform=web&dev=true&hot=false&lazy=true&transform.engine=hermes&transform.routerRoot=.%2Fapp&unstable_transformProfile=hermes-stable:211137
[  963119ms] [LOG] [DEBUG] [SaveQueue] Persisted 1 queue operations @ http://localhost:8090/app/entry.ts.bundle?platform=web&dev=true&hot=false&lazy=true&transform.engine=hermes&transform.routerRoot=.%2Fapp&unstable_transformProfile=hermes-stable:211137
[  963129ms] [INFO] [INFO] Created backup for slot 1: save_backup_1_1787350292532_7 (auto_save) @ http://localhost:8090/app/entry.ts.bundle?platform=web&dev=true&hot=false&lazy=true&transform.engine=hermes&transform.routerRoot=.%2Fapp&unstable_transformProfile=hermes-stable:211137
[  963131ms] [INFO] [INFO] Removed 1 old backups for slot 1 @ http://localhost:8090/app/entry.ts.bundle?platform=web&dev=true&hot=false&lazy=true&transform.engine=hermes&transform.routerRoot=.%2Fapp&unstable_transformProfile=hermes-stable:211137
[  963138ms] [LOG] [DEBUG] Updated protected state for slot 1 @ http://localhost:8090/app/entry.ts.bundle?platform=web&dev=true&hot=false&lazy=true&transform.engine=hermes&transform.routerRoot=.%2Fapp&unstable_transformProfile=hermes-stable:211137
[  963138ms] [INFO] [INFO] [SaveQueue] [SAVE_TELEMETRY] slot=1 duration=23ms size=53KB @ http://localhost:8090/app/entry.ts.bundle?platform=web&dev=true&hot=false&lazy=true&transform.engine=hermes&transform.routerRoot=.%2Fapp&unstable_transformProfile=hermes-stable:211137
[  963139ms] [LOG] [DEBUG] [SaveQueue] Save successful for slot 1 @ http://localhost:8090/app/entry.ts.bundle?platform=web&dev=true&hot=false&lazy=true&transform.engine=hermes&transform.routerRoot=.%2Fapp&unstable_transformProfile=hermes-stable:211137
[  963139ms] [INFO] [INFO] Game save queued successfully {slot: 1} @ http://localhost:8090/app/entry.ts.bundle?platform=web&dev=true&hot=false&lazy=true&transform.engine=hermes&transform.routerRoot=.%2Fapp&unstable_transformProfile=hermes-stable:211135
[  963140ms] [LOG] [DEBUG] [SaveLoadMutex] Lock released for save @ http://localhost:8090/app/entry.ts.bundle?platform=web&dev=true&hot=false&lazy=true&transform.engine=hermes&transform.routerRoot=.%2Fapp&unstable_transformProfile=hermes-stable:211137
[  963140ms] [LOG] [DEBUG] Periodic auto-save completed @ http://localhost:8090/app/entry.ts.bundle?platform=web&dev=true&hot=false&lazy=true&transform.engine=hermes&transform.routerRoot=.%2Fapp&unstable_transformProfile=hermes-stable:211137
[ 1083114ms] [LOG] [DEBUG] [SaveLoadMutex] Lock acquired for save @ http://localhost:8090/app/entry.ts.bundle?platform=web&dev=true&hot=false&lazy=true&transform.engine=hermes&transform.routerRoot=.%2Fapp&unstable_transformProfile=hermes-stable:211137
[ 1083118ms] [LOG] [DEBUG] [SaveQueue] Persisted 1 queue operations @ http://localhost:8090/app/entry.ts.bundle?platform=web&dev=true&hot=false&lazy=true&transform.engine=hermes&transform.routerRoot=.%2Fapp&unstable_transformProfile=hermes-stable:211137
[ 1083129ms] [INFO] [INFO] Created backup for slot 1: save_backup_1_1787350412531_8 (auto_save) @ http://localhost:8090/app/entry.ts.bundle?platform=web&dev=true&hot=false&lazy=true&transform.engine=hermes&transform.routerRoot=.%2Fapp&unstable_transformProfile=hermes-stable:211137
[ 1083130ms] [INFO] [INFO] Removed 1 old backups for slot 1 @ http://localhost:8090/app/entry.ts.bundle?platform=web&dev=true&hot=false&lazy=true&transform.engine=hermes&transform.routerRoot=.%2Fapp&unstable_transformProfile=hermes-stable:211137
[ 1083136ms] [LOG] [DEBUG] Updated protected state for slot 1 @ http://localhost:8090/app/entry.ts.bundle?platform=web&dev=true&hot=false&lazy=true&transform.engine=hermes&transform.routerRoot=.%2Fapp&unstable_transformProfile=hermes-stable:211137
[ 1083137ms] [INFO] [INFO] [SaveQueue] [SAVE_TELEMETRY] slot=1 duration=22ms size=53KB @ http://localhost:8090/app/entry.ts.bundle?platform=web&dev=true&hot=false&lazy=true&transform.engine=hermes&transform.routerRoot=.%2Fapp&unstable_transformProfile=hermes-stable:211137
[ 1083137ms] [LOG] [DEBUG] [SaveQueue] Save successful for slot 1 @ http://localhost:8090/app/entry.ts.bundle?platform=web&dev=true&hot=false&lazy=true&transform.engine=hermes&transform.routerRoot=.%2Fapp&unstable_transformProfile=hermes-stable:211137
[ 1083138ms] [INFO] [INFO] Game save queued successfully {slot: 1} @ http://localhost:8090/app/entry.ts.bundle?platform=web&dev=true&hot=false&lazy=true&transform.engine=hermes&transform.routerRoot=.%2Fapp&unstable_transformProfile=hermes-stable:211135
[ 1083139ms] [LOG] [DEBUG] [SaveLoadMutex] Lock released for save @ http://localhost:8090/app/entry.ts.bundle?platform=web&dev=true&hot=false&lazy=true&transform.engine=hermes&transform.routerRoot=.%2Fapp&unstable_transformProfile=hermes-stable:211137
[ 1083139ms] [LOG] [DEBUG] Periodic auto-save completed @ http://localhost:8090/app/entry.ts.bundle?platform=web&dev=true&hot=false&lazy=true&transform.engine=hermes&transform.routerRoot=.%2Fapp&unstable_transformProfile=hermes-stable:211137
[ 1203114ms] [LOG] [DEBUG] [SaveLoadMutex] Lock acquired for save @ http://localhost:8090/app/entry.ts.bundle?platform=web&dev=true&hot=false&lazy=true&transform.engine=hermes&transform.routerRoot=.%2Fapp&unstable_transformProfile=hermes-stable:211137
[ 1203118ms] [LOG] [DEBUG] [SaveQueue] Persisted 1 queue operations @ http://localhost:8090/app/entry.ts.bundle?platform=web&dev=true&hot=false&lazy=true&transform.engine=hermes&transform.routerRoot=.%2Fapp&unstable_transformProfile=hermes-stable:211137
[ 1203130ms] [INFO] [INFO] Created backup for slot 1: save_backup_1_1787350532532_9 (auto_save) @ http://localhost:8090/app/entry.ts.bundle?platform=web&dev=true&hot=false&lazy=true&transform.engine=hermes&transform.routerRoot=.%2Fapp&unstable_transformProfile=hermes-stable:211137
[ 1203132ms] [INFO] [INFO] Removed 1 old backups for slot 1 @ http://localhost:8090/app/entry.ts.bundle?platform=web&dev=true&hot=false&lazy=true&transform.engine=hermes&transform.routerRoot=.%2Fapp&unstable_transformProfile=hermes-stable:211137
[ 1203139ms] [LOG] [DEBUG] Updated protected state for slot 1 @ http://localhost:8090/app/entry.ts.bundle?platform=web&dev=true&hot=false&lazy=true&transform.engine=hermes&transform.routerRoot=.%2Fapp&unstable_transformProfile=hermes-stable:211137
[ 1203140ms] [INFO] [INFO] [SaveQueue] [SAVE_TELEMETRY] slot=1 duration=24ms size=53KB @ http://localhost:8090/app/entry.ts.bundle?platform=web&dev=true&hot=false&lazy=true&transform.engine=hermes&transform.routerRoot=.%2Fapp&unstable_transformProfile=hermes-stable:211137
[ 1203140ms] [LOG] [DEBUG] [SaveQueue] Save successful for slot 1 @ http://localhost:8090/app/entry.ts.bundle?platform=web&dev=true&hot=false&lazy=true&transform.engine=hermes&transform.routerRoot=.%2Fapp&unstable_transformProfile=hermes-stable:211137
[ 1203141ms] [INFO] [INFO] Game save queued successfully {slot: 1} @ http://localhost:8090/app/entry.ts.bundle?platform=web&dev=true&hot=false&lazy=true&transform.engine=hermes&transform.routerRoot=.%2Fapp&unstable_transformProfile=hermes-stable:211135
[ 1203141ms] [LOG] [DEBUG] [SaveLoadMutex] Lock released for save @ http://localhost:8090/app/entry.ts.bundle?platform=web&dev=true&hot=false&lazy=true&transform.engine=hermes&transform.routerRoot=.%2Fapp&unstable_transformProfile=hermes-stable:211137
[ 1203141ms] [LOG] [DEBUG] Periodic auto-save completed @ http://localhost:8090/app/entry.ts.bundle?platform=web&dev=true&hot=false&lazy=true&transform.engine=hermes&transform.routerRoot=.%2Fapp&unstable_transformProfile=hermes-stable:211137
[ 1323113ms] [LOG] [DEBUG] [SaveLoadMutex] Lock acquired for save @ http://localhost:8090/app/entry.ts.bundle?platform=web&dev=true&hot=false&lazy=true&transform.engine=hermes&transform.routerRoot=.%2Fapp&unstable_transformProfile=hermes-stable:211137
[ 1323118ms] [LOG] [DEBUG] [SaveQueue] Persisted 1 queue operations @ http://localhost:8090/app/entry.ts.bundle?platform=web&dev=true&hot=false&lazy=true&transform.engine=hermes&transform.routerRoot=.%2Fapp&unstable_transformProfile=hermes-stable:211137
[ 1323131ms] [INFO] [INFO] Created backup for slot 1: save_backup_1_1787350652533_a (auto_save) @ http://localhost:8090/app/entry.ts.bundle?platform=web&dev=true&hot=false&lazy=true&transform.engine=hermes&transform.routerRoot=.%2Fapp&unstable_transformProfile=hermes-stable:211137
[ 1323133ms] [INFO] [INFO] Removed 1 old backups for slot 1 @ http://localhost:8090/app/entry.ts.bundle?platform=web&dev=true&hot=false&lazy=true&transform.engine=hermes&transform.routerRoot=.%2Fapp&unstable_transformProfile=hermes-stable:211137
[ 1323140ms] [LOG] [DEBUG] Updated protected state for slot 1 @ http://localhost:8090/app/entry.ts.bundle?platform=web&dev=true&hot=false&lazy=true&transform.engine=hermes&transform.routerRoot=.%2Fapp&unstable_transformProfile=hermes-stable:211137
[ 1323141ms] [INFO] [INFO] [SaveQueue] [SAVE_TELEMETRY] slot=1 duration=27ms size=53KB @ http://localhost:8090/app/entry.ts.bundle?platform=web&dev=true&hot=false&lazy=true&transform.engine=hermes&transform.routerRoot=.%2Fapp&unstable_transformProfile=hermes-stable:211137
[ 1323142ms] [LOG] [DEBUG] [SaveQueue] Save successful for slot 1 @ http://localhost:8090/app/entry.ts.bundle?platform=web&dev=true&hot=false&lazy=true&transform.engine=hermes&transform.routerRoot=.%2Fapp&unstable_transformProfile=hermes-stable:211137
[ 1323142ms] [INFO] [INFO] Game save queued successfully {slot: 1} @ http://localhost:8090/app/entry.ts.bundle?platform=web&dev=true&hot=false&lazy=true&transform.engine=hermes&transform.routerRoot=.%2Fapp&unstable_transformProfile=hermes-stable:211135
[ 1323143ms] [LOG] [DEBUG] [SaveLoadMutex] Lock released for save @ http://localhost:8090/app/entry.ts.bundle?platform=web&dev=true&hot=false&lazy=true&transform.engine=hermes&transform.routerRoot=.%2Fapp&unstable_transformProfile=hermes-stable:211137
[ 1323143ms] [LOG] [DEBUG] Periodic auto-save completed @ http://localhost:8090/app/entry.ts.bundle?platform=web&dev=true&hot=false&lazy=true&transform.engine=hermes&transform.routerRoot=.%2Fapp&unstable_transformProfile=hermes-stable:211137
[ 1443113ms] [LOG] [DEBUG] [SaveLoadMutex] Lock acquired for save @ http://localhost:8090/app/entry.ts.bundle?platform=web&dev=true&hot=false&lazy=true&transform.engine=hermes&transform.routerRoot=.%2Fapp&unstable_transformProfile=hermes-stable:211137
[ 1443118ms] [LOG] [DEBUG] [SaveQueue] Persisted 1 queue operations @ http://localhost:8090/app/entry.ts.bundle?platform=web&dev=true&hot=false&lazy=true&transform.engine=hermes&transform.routerRoot=.%2Fapp&unstable_transformProfile=hermes-stable:211137
[ 1443129ms] [INFO] [INFO] Created backup for slot 1: save_backup_1_1787350772532_b (auto_save) @ http://localhost:8090/app/entry.ts.bundle?platform=web&dev=true&hot=false&lazy=true&transform.engine=hermes&transform.routerRoot=.%2Fapp&unstable_transformProfile=hermes-stable:211137
[ 1443131ms] [INFO] [INFO] Removed 1 old backups for slot 1 @ http://localhost:8090/app/entry.ts.bundle?platform=web&dev=true&hot=false&lazy=true&transform.engine=hermes&transform.routerRoot=.%2Fapp&unstable_transformProfile=hermes-stable:211137
[ 1443140ms] [LOG] [DEBUG] Updated protected state for slot 1 @ http://localhost:8090/app/entry.ts.bundle?platform=web&dev=true&hot=false&lazy=true&transform.engine=hermes&transform.routerRoot=.%2Fapp&unstable_transformProfile=hermes-stable:211137
[ 1443141ms] [INFO] [INFO] [SaveQueue] [SAVE_TELEMETRY] slot=1 duration=27ms size=53KB @ http://localhost:8090/app/entry.ts.bundle?platform=web&dev=true&hot=false&lazy=true&transform.engine=hermes&transform.routerRoot=.%2Fapp&unstable_transformProfile=hermes-stable:211137
[ 1443142ms] [LOG] [DEBUG] [SaveQueue] Save successful for slot 1 @ http://localhost:8090/app/entry.ts.bundle?platform=web&dev=true&hot=false&lazy=true&transform.engine=hermes&transform.routerRoot=.%2Fapp&unstable_transformProfile=hermes-stable:211137
[ 1443143ms] [INFO] [INFO] Game save queued successfully {slot: 1} @ http://localhost:8090/app/entry.ts.bundle?platform=web&dev=true&hot=false&lazy=true&transform.engine=hermes&transform.routerRoot=.%2Fapp&unstable_transformProfile=hermes-stable:211135
[ 1443144ms] [LOG] [DEBUG] [SaveLoadMutex] Lock released for save @ http://localhost:8090/app/entry.ts.bundle?platform=web&dev=true&hot=false&lazy=true&transform.engine=hermes&transform.routerRoot=.%2Fapp&unstable_transformProfile=hermes-stable:211137
[ 1443144ms] [LOG] [DEBUG] Periodic auto-save completed @ http://localhost:8090/app/entry.ts.bundle?platform=web&dev=true&hot=false&lazy=true&transform.engine=hermes&transform.routerRoot=.%2Fapp&unstable_transformProfile=hermes-stable:211137
[ 1563114ms] [LOG] [DEBUG] [SaveLoadMutex] Lock acquired for save @ http://localhost:8090/app/entry.ts.bundle?platform=web&dev=true&hot=false&lazy=true&transform.engine=hermes&transform.routerRoot=.%2Fapp&unstable_transformProfile=hermes-stable:211137
[ 1563120ms] [LOG] [DEBUG] [SaveQueue] Persisted 1 queue operations @ http://localhost:8090/app/entry.ts.bundle?platform=web&dev=true&hot=false&lazy=true&transform.engine=hermes&transform.routerRoot=.%2Fapp&unstable_transformProfile=hermes-stable:211137
[ 1563131ms] [INFO] [INFO] Created backup for slot 1: save_backup_1_1787350892533_c (auto_save) @ http://localhost:8090/app/entry.ts.bundle?platform=web&dev=true&hot=false&lazy=true&transform.engine=hermes&transform.routerRoot=.%2Fapp&unstable_transformProfile=hermes-stable:211137
[ 1563132ms] [INFO] [INFO] Removed 1 old backups for slot 1 @ http://localhost:8090/app/entry.ts.bundle?platform=web&dev=true&hot=false&lazy=true&transform.engine=hermes&transform.routerRoot=.%2Fapp&unstable_transformProfile=hermes-stable:211137
[ 1563139ms] [LOG] [DEBUG] Updated protected state for slot 1 @ http://localhost:8090/app/entry.ts.bundle?platform=web&dev=true&hot=false&lazy=true&transform.engine=hermes&transform.routerRoot=.%2Fapp&unstable_transformProfile=hermes-stable:211137
[ 1563140ms] [INFO] [INFO] [SaveQueue] [SAVE_TELEMETRY] slot=1 duration=23ms size=53KB @ http://localhost:8090/app/entry.ts.bundle?platform=web&dev=true&hot=false&lazy=true&transform.engine=hermes&transform.routerRoot=.%2Fapp&unstable_transformProfile=hermes-stable:211137
[ 1563140ms] [LOG] [DEBUG] [SaveQueue] Save successful for slot 1 @ http://localhost:8090/app/entry.ts.bundle?platform=web&dev=true&hot=false&lazy=true&transform.engine=hermes&transform.routerRoot=.%2Fapp&unstable_transformProfile=hermes-stable:211137
[ 1563141ms] [INFO] [INFO] Game save queued successfully {slot: 1} @ http://localhost:8090/app/entry.ts.bundle?platform=web&dev=true&hot=false&lazy=true&transform.engine=hermes&transform.routerRoot=.%2Fapp&unstable_transformProfile=hermes-stable:211135
[ 1563141ms] [LOG] [DEBUG] [SaveLoadMutex] Lock released for save @ http://localhost:8090/app/entry.ts.bundle?platform=web&dev=true&hot=false&lazy=true&transform.engine=hermes&transform.routerRoot=.%2Fapp&unstable_transformProfile=hermes-stable:211137
[ 1563141ms] [LOG] [DEBUG] Periodic auto-save completed @ http://localhost:8090/app/entry.ts.bundle?platform=web&dev=true&hot=false&lazy=true&transform.engine=hermes&transform.routerRoot=.%2Fapp&unstable_transformProfile=hermes-stable:211137
[ 1683115ms] [LOG] [DEBUG] [SaveLoadMutex] Lock acquired for save @ http://localhost:8090/app/entry.ts.bundle?platform=web&dev=true&hot=false&lazy=true&transform.engine=hermes&transform.routerRoot=.%2Fapp&unstable_transformProfile=hermes-stable:211137
[ 1683120ms] [LOG] [DEBUG] [SaveQueue] Persisted 1 queue operations @ http://localhost:8090/app/entry.ts.bundle?platform=web&dev=true&hot=false&lazy=true&transform.engine=hermes&transform.routerRoot=.%2Fapp&unstable_transformProfile=hermes-stable:211137
[ 1683130ms] [INFO] [INFO] Created backup for slot 1: save_backup_1_1787351012533_d (auto_save) @ http://localhost:8090/app/entry.ts.bundle?platform=web&dev=true&hot=false&lazy=true&transform.engine=hermes&transform.routerRoot=.%2Fapp&unstable_transformProfile=hermes-stable:211137
[ 1683132ms] [INFO] [INFO] Removed 1 old backups for slot 1 @ http://localhost:8090/app/entry.ts.bundle?platform=web&dev=true&hot=false&lazy=true&transform.engine=hermes&transform.routerRoot=.%2Fapp&unstable_transformProfile=hermes-stable:211137
[ 1683138ms] [LOG] [DEBUG] Updated protected state for slot 1 @ http://localhost:8090/app/entry.ts.bundle?platform=web&dev=true&hot=false&lazy=true&transform.engine=hermes&transform.routerRoot=.%2Fapp&unstable_transformProfile=hermes-stable:211137
[ 1683139ms] [INFO] [INFO] [SaveQueue] [SAVE_TELEMETRY] slot=1 duration=23ms size=53KB @ http://localhost:8090/app/entry.ts.bundle?platform=web&dev=true&hot=false&lazy=true&transform.engine=hermes&transform.routerRoot=.%2Fapp&unstable_transformProfile=hermes-stable:211137
[ 1683139ms] [LOG] [DEBUG] [SaveQueue] Save successful for slot 1 @ http://localhost:8090/app/entry.ts.bundle?platform=web&dev=true&hot=false&lazy=true&transform.engine=hermes&transform.routerRoot=.%2Fapp&unstable_transformProfile=hermes-stable:211137
[ 1683139ms] [INFO] [INFO] Game save queued successfully {slot: 1} @ http://localhost:8090/app/entry.ts.bundle?platform=web&dev=true&hot=false&lazy=true&transform.engine=hermes&transform.routerRoot=.%2Fapp&unstable_transformProfile=hermes-stable:211135
[ 1683140ms] [LOG] [DEBUG] [SaveLoadMutex] Lock released for save @ http://localhost:8090/app/entry.ts.bundle?platform=web&dev=true&hot=false&lazy=true&transform.engine=hermes&transform.routerRoot=.%2Fapp&unstable_transformProfile=hermes-stable:211137
[ 1683140ms] [LOG] [DEBUG] Periodic auto-save completed @ http://localhost:8090/app/entry.ts.bundle?platform=web&dev=true&hot=false&lazy=true&transform.engine=hermes&transform.routerRoot=.%2Fapp&unstable_transformProfile=hermes-stable:211137
[ 1803113ms] [LOG] [DEBUG] [SaveLoadMutex] Lock acquired for save @ http://localhost:8090/app/entry.ts.bundle?platform=web&dev=true&hot=false&lazy=true&transform.engine=hermes&transform.routerRoot=.%2Fapp&unstable_transformProfile=hermes-stable:211137
[ 1803117ms] [LOG] [DEBUG] [SaveQueue] Persisted 1 queue operations @ http://localhost:8090/app/entry.ts.bundle?platform=web&dev=true&hot=false&lazy=true&transform.engine=hermes&transform.routerRoot=.%2Fapp&unstable_transformProfile=hermes-stable:211137
[ 1803127ms] [INFO] [INFO] Created backup for slot 1: save_backup_1_1787351132530_e (auto_save) @ http://localhost:8090/app/entry.ts.bundle?platform=web&dev=true&hot=false&lazy=true&transform.engine=hermes&transform.routerRoot=.%2Fapp&unstable_transformProfile=hermes-stable:211137
[ 1803128ms] [INFO] [INFO] Removed 1 old backups for slot 1 @ http://localhost:8090/app/entry.ts.bundle?platform=web&dev=true&hot=false&lazy=true&transform.engine=hermes&transform.routerRoot=.%2Fapp&unstable_transformProfile=hermes-stable:211137
[ 1803135ms] [LOG] [DEBUG] Updated protected state for slot 1 @ http://localhost:8090/app/entry.ts.bundle?platform=web&dev=true&hot=false&lazy=true&transform.engine=hermes&transform.routerRoot=.%2Fapp&unstable_transformProfile=hermes-stable:211137
[ 1803135ms] [INFO] [INFO] [SaveQueue] [SAVE_TELEMETRY] slot=1 duration=22ms size=53KB @ http://localhost:8090/app/entry.ts.bundle?platform=web&dev=true&hot=false&lazy=true&transform.engine=hermes&transform.routerRoot=.%2Fapp&unstable_transformProfile=hermes-stable:211137
[ 1803136ms] [LOG] [DEBUG] [SaveQueue] Save successful for slot 1 @ http://localhost:8090/app/entry.ts.bundle?platform=web&dev=true&hot=false&lazy=true&transform.engine=hermes&transform.routerRoot=.%2Fapp&unstable_transformProfile=hermes-stable:211137
[ 1803136ms] [INFO] [INFO] Game save queued successfully {slot: 1} @ http://localhost:8090/app/entry.ts.bundle?platform=web&dev=true&hot=false&lazy=true&transform.engine=hermes&transform.routerRoot=.%2Fapp&unstable_transformProfile=hermes-stable:211135
[ 1803136ms] [LOG] [DEBUG] [SaveLoadMutex] Lock released for save @ http://localhost:8090/app/entry.ts.bundle?platform=web&dev=true&hot=false&lazy=true&transform.engine=hermes&transform.routerRoot=.%2Fapp&unstable_transformProfile=hermes-stable:211137
[ 1803137ms] [LOG] [DEBUG] Periodic auto-save completed @ http://localhost:8090/app/entry.ts.bundle?platform=web&dev=true&hot=false&lazy=true&transform.engine=hermes&transform.routerRoot=.%2Fapp&unstable_transformProfile=hermes-stable:211137
[ 1923113ms] [LOG] [DEBUG] [SaveLoadMutex] Lock acquired for save @ http://localhost:8090/app/entry.ts.bundle?platform=web&dev=true&hot=false&lazy=true&transform.engine=hermes&transform.routerRoot=.%2Fapp&unstable_transformProfile=hermes-stable:211137
[ 1923117ms] [LOG] [DEBUG] [SaveQueue] Persisted 1 queue operations @ http://localhost:8090/app/entry.ts.bundle?platform=web&dev=true&hot=false&lazy=true&transform.engine=hermes&transform.routerRoot=.%2Fapp&unstable_transformProfile=hermes-stable:211137
[ 1923127ms] [INFO] [INFO] Created backup for slot 1: save_backup_1_1787351252530_f (auto_save) @ http://localhost:8090/app/entry.ts.bundle?platform=web&dev=true&hot=false&lazy=true&transform.engine=hermes&transform.routerRoot=.%2Fapp&unstable_transformProfile=hermes-stable:211137
[ 1923128ms] [INFO] [INFO] Removed 1 old backups for slot 1 @ http://localhost:8090/app/entry.ts.bundle?platform=web&dev=true&hot=false&lazy=true&transform.engine=hermes&transform.routerRoot=.%2Fapp&unstable_transformProfile=hermes-stable:211137
[ 1923136ms] [LOG] [DEBUG] Updated protected state for slot 1 @ http://localhost:8090/app/entry.ts.bundle?platform=web&dev=true&hot=false&lazy=true&transform.engine=hermes&transform.routerRoot=.%2Fapp&unstable_transformProfile=hermes-stable:211137
[ 1923137ms] [INFO] [INFO] [SaveQueue] [SAVE_TELEMETRY] slot=1 duration=23ms size=53KB @ http://localhost:8090/app/entry.ts.bundle?platform=web&dev=true&hot=false&lazy=true&transform.engine=hermes&transform.routerRoot=.%2Fapp&unstable_transformProfile=hermes-stable:211137
[ 1923137ms] [LOG] [DEBUG] [SaveQueue] Save successful for slot 1 @ http://localhost:8090/app/entry.ts.bundle?platform=web&dev=true&hot=false&lazy=true&transform.engine=hermes&transform.routerRoot=.%2Fapp&unstable_transformProfile=hermes-stable:211137
[ 1923138ms] [INFO] [INFO] Game save queued successfully {slot: 1} @ http://localhost:8090/app/entry.ts.bundle?platform=web&dev=true&hot=false&lazy=true&transform.engine=hermes&transform.routerRoot=.%2Fapp&unstable_transformProfile=hermes-stable:211135
[ 1923138ms] [LOG] [DEBUG] [SaveLoadMutex] Lock released for save @ http://localhost:8090/app/entry.ts.bundle?platform=web&dev=true&hot=false&lazy=true&transform.engine=hermes&transform.routerRoot=.%2Fapp&unstable_transformProfile=hermes-stable:211137
[ 1923139ms] [LOG] [DEBUG] Periodic auto-save completed @ http://localhost:8090/app/entry.ts.bundle?platform=web&dev=true&hot=false&lazy=true&transform.engine=hermes&transform.routerRoot=.%2Fapp&unstable_transformProfile=hermes-stable:211137
[ 2043113ms] [LOG] [DEBUG] [SaveLoadMutex] Lock acquired for save @ http://localhost:8090/app/entry.ts.bundle?platform=web&dev=true&hot=false&lazy=true&transform.engine=hermes&transform.routerRoot=.%2Fapp&unstable_transformProfile=hermes-stable:211137
[ 2043117ms] [LOG] [DEBUG] [SaveQueue] Persisted 1 queue operations @ http://localhost:8090/app/entry.ts.bundle?platform=web&dev=true&hot=false&lazy=true&transform.engine=hermes&transform.routerRoot=.%2Fapp&unstable_transformProfile=hermes-stable:211137
[ 2043128ms] [INFO] [INFO] Created backup for slot 1: save_backup_1_1787351372531_g (auto_save) @ http://localhost:8090/app/entry.ts.bundle?platform=web&dev=true&hot=false&lazy=true&transform.engine=hermes&transform.routerRoot=.%2Fapp&unstable_transformProfile=hermes-stable:211137
[ 2043130ms] [INFO] [INFO] Removed 1 old backups for slot 1 @ http://localhost:8090/app/entry.ts.bundle?platform=web&dev=true&hot=false&lazy=true&transform.engine=hermes&transform.routerRoot=.%2Fapp&unstable_transformProfile=hermes-stable:211137
[ 2043137ms] [LOG] [DEBUG] Updated protected state for slot 1 @ http://localhost:8090/app/entry.ts.bundle?platform=web&dev=true&hot=false&lazy=true&transform.engine=hermes&transform.routerRoot=.%2Fapp&unstable_transformProfile=hermes-stable:211137
[ 2043138ms] [INFO] [INFO] [SaveQueue] [SAVE_TELEMETRY] slot=1 duration=24ms size=53KB @ http://localhost:8090/app/entry.ts.bundle?platform=web&dev=true&hot=false&lazy=true&transform.engine=hermes&transform.routerRoot=.%2Fapp&unstable_transformProfile=hermes-stable:211137
[ 2043138ms] [LOG] [DEBUG] [SaveQueue] Save successful for slot 1 @ http://localhost:8090/app/entry.ts.bundle?platform=web&dev=true&hot=false&lazy=true&transform.engine=hermes&transform.routerRoot=.%2Fapp&unstable_transformProfile=hermes-stable:211137
[ 2043139ms] [INFO] [INFO] Game save queued successfully {slot: 1} @ http://localhost:8090/app/entry.ts.bundle?platform=web&dev=true&hot=false&lazy=true&transform.engine=hermes&transform.routerRoot=.%2Fapp&unstable_transformProfile=hermes-stable:211135
[ 2043139ms] [LOG] [DEBUG] [SaveLoadMutex] Lock released for save @ http://localhost:8090/app/entry.ts.bundle?platform=web&dev=true&hot=false&lazy=true&transform.engine=hermes&transform.routerRoot=.%2Fapp&unstable_transformProfile=hermes-stable:211137
[ 2043140ms] [LOG] [DEBUG] Periodic auto-save completed @ http://localhost:8090/app/entry.ts.bundle?platform=web&dev=true&hot=false&lazy=true&transform.engine=hermes&transform.routerRoot=.%2Fapp&unstable_transformProfile=hermes-stable:211137
[ 2163113ms] [LOG] [DEBUG] [SaveLoadMutex] Lock acquired for save @ http://localhost:8090/app/entry.ts.bundle?platform=web&dev=true&hot=false&lazy=true&transform.engine=hermes&transform.routerRoot=.%2Fapp&unstable_transformProfile=hermes-stable:211137
[ 2163117ms] [LOG] [DEBUG] [SaveQueue] Persisted 1 queue operations @ http://localhost:8090/app/entry.ts.bundle?platform=web&dev=true&hot=false&lazy=true&transform.engine=hermes&transform.routerRoot=.%2Fapp&unstable_transformProfile=hermes-stable:211137
[ 2163128ms] [INFO] [INFO] Created backup for slot 1: save_backup_1_1787351492530_h (auto_save) @ http://localhost:8090/app/entry.ts.bundle?platform=web&dev=true&hot=false&lazy=true&transform.engine=hermes&transform.routerRoot=.%2Fapp&unstable_transformProfile=hermes-stable:211137
[ 2163129ms] [INFO] [INFO] Removed 1 old backups for slot 1 @ http://localhost:8090/app/entry.ts.bundle?platform=web&dev=true&hot=false&lazy=true&transform.engine=hermes&transform.routerRoot=.%2Fapp&unstable_transformProfile=hermes-stable:211137
[ 2163139ms] [LOG] [DEBUG] Updated protected state for slot 1 @ http://localhost:8090/app/entry.ts.bundle?platform=web&dev=true&hot=false&lazy=true&transform.engine=hermes&transform.routerRoot=.%2Fapp&unstable_transformProfile=hermes-stable:211137
[ 2163139ms] [INFO] [INFO] [SaveQueue] [SAVE_TELEMETRY] slot=1 duration=26ms size=53KB @ http://localhost:8090/app/entry.ts.bundle?platform=web&dev=true&hot=false&lazy=true&transform.engine=hermes&transform.routerRoot=.%2Fapp&unstable_transformProfile=hermes-stable:211137
[ 2163140ms] [LOG] [DEBUG] [SaveQueue] Save successful for slot 1 @ http://localhost:8090/app/entry.ts.bundle?platform=web&dev=true&hot=false&lazy=true&transform.engine=hermes&transform.routerRoot=.%2Fapp&unstable_transformProfile=hermes-stable:211137
[ 2163140ms] [INFO] [INFO] Game save queued successfully {slot: 1} @ http://localhost:8090/app/entry.ts.bundle?platform=web&dev=true&hot=false&lazy=true&transform.engine=hermes&transform.routerRoot=.%2Fapp&unstable_transformProfile=hermes-stable:211135
[ 2163140ms] [LOG] [DEBUG] [SaveLoadMutex] Lock released for save @ http://localhost:8090/app/entry.ts.bundle?platform=web&dev=true&hot=false&lazy=true&transform.engine=hermes&transform.routerRoot=.%2Fapp&unstable_transformProfile=hermes-stable:211137
[ 2163141ms] [LOG] [DEBUG] Periodic auto-save completed @ http://localhost:8090/app/entry.ts.bundle?platform=web&dev=true&hot=false&lazy=true&transform.engine=hermes&transform.routerRoot=.%2Fapp&unstable_transformProfile=hermes-stable:211137
[ 2283113ms] [LOG] [DEBUG] [SaveLoadMutex] Lock acquired for save @ http://localhost:8090/app/entry.ts.bundle?platform=web&dev=true&hot=false&lazy=true&transform.engine=hermes&transform.routerRoot=.%2Fapp&unstable_transformProfile=hermes-stable:211137
[ 2283117ms] [LOG] [DEBUG] [SaveQueue] Persisted 1 queue operations @ http://localhost:8090/app/entry.ts.bundle?platform=web&dev=true&hot=false&lazy=true&transform.engine=hermes&transform.routerRoot=.%2Fapp&unstable_transformProfile=hermes-stable:211137
[ 2283126ms] [INFO] [INFO] Created backup for slot 1: save_backup_1_1787351612529_i (auto_save) @ http://localhost:8090/app/entry.ts.bundle?platform=web&dev=true&hot=false&lazy=true&transform.engine=hermes&transform.routerRoot=.%2Fapp&unstable_transformProfile=hermes-stable:211137
[ 2283127ms] [INFO] [INFO] Removed 1 old backups for slot 1 @ http://localhost:8090/app/entry.ts.bundle?platform=web&dev=true&hot=false&lazy=true&transform.engine=hermes&transform.routerRoot=.%2Fapp&unstable_transformProfile=hermes-stable:211137
[ 2283134ms] [LOG] [DEBUG] Updated protected state for slot 1 @ http://localhost:8090/app/entry.ts.bundle?platform=web&dev=true&hot=false&lazy=true&transform.engine=hermes&transform.routerRoot=.%2Fapp&unstable_transformProfile=hermes-stable:211137
[ 2283134ms] [INFO] [INFO] [SaveQueue] [SAVE_TELEMETRY] slot=1 duration=20ms size=53KB @ http://localhost:8090/app/entry.ts.bundle?platform=web&dev=true&hot=false&lazy=true&transform.engine=hermes&transform.routerRoot=.%2Fapp&unstable_transformProfile=hermes-stable:211137
[ 2283134ms] [LOG] [DEBUG] [SaveQueue] Save successful for slot 1 @ http://localhost:8090/app/entry.ts.bundle?platform=web&dev=true&hot=false&lazy=true&transform.engine=hermes&transform.routerRoot=.%2Fapp&unstable_transformProfile=hermes-stable:211137
[ 2283135ms] [INFO] [INFO] Game save queued successfully {slot: 1} @ http://localhost:8090/app/entry.ts.bundle?platform=web&dev=true&hot=false&lazy=true&transform.engine=hermes&transform.routerRoot=.%2Fapp&unstable_transformProfile=hermes-stable:211135
[ 2283136ms] [LOG] [DEBUG] [SaveLoadMutex] Lock released for save @ http://localhost:8090/app/entry.ts.bundle?platform=web&dev=true&hot=false&lazy=true&transform.engine=hermes&transform.routerRoot=.%2Fapp&unstable_transformProfile=hermes-stable:211137
[ 2283136ms] [LOG] [DEBUG] Periodic auto-save completed @ http://localhost:8090/app/entry.ts.bundle?platform=web&dev=true&hot=false&lazy=true&transform.engine=hermes&transform.routerRoot=.%2Fapp&unstable_transformProfile=hermes-stable:211137
[ 2403115ms] [LOG] [DEBUG] [SaveLoadMutex] Lock acquired for save @ http://localhost:8090/app/entry.ts.bundle?platform=web&dev=true&hot=false&lazy=true&transform.engine=hermes&transform.routerRoot=.%2Fapp&unstable_transformProfile=hermes-stable:211137
[ 2403120ms] [LOG] [DEBUG] [SaveQueue] Persisted 1 queue operations @ http://localhost:8090/app/entry.ts.bundle?platform=web&dev=true&hot=false&lazy=true&transform.engine=hermes&transform.routerRoot=.%2Fapp&unstable_transformProfile=hermes-stable:211137
[ 2403131ms] [INFO] [INFO] Created backup for slot 1: save_backup_1_1787351732534_j (auto_save) @ http://localhost:8090/app/entry.ts.bundle?platform=web&dev=true&hot=false&lazy=true&transform.engine=hermes&transform.routerRoot=.%2Fapp&unstable_transformProfile=hermes-stable:211137
[ 2403132ms] [INFO] [INFO] Removed 1 old backups for slot 1 @ http://localhost:8090/app/entry.ts.bundle?platform=web&dev=true&hot=false&lazy=true&transform.engine=hermes&transform.routerRoot=.%2Fapp&unstable_transformProfile=hermes-stable:211137
[ 2403139ms] [LOG] [DEBUG] Updated protected state for slot 1 @ http://localhost:8090/app/entry.ts.bundle?platform=web&dev=true&hot=false&lazy=true&transform.engine=hermes&transform.routerRoot=.%2Fapp&unstable_transformProfile=hermes-stable:211137
[ 2403140ms] [INFO] [INFO] [SaveQueue] [SAVE_TELEMETRY] slot=1 duration=23ms size=53KB @ http://localhost:8090/app/entry.ts.bundle?platform=web&dev=true&hot=false&lazy=true&transform.engine=hermes&transform.routerRoot=.%2Fapp&unstable_transformProfile=hermes-stable:211137
[ 2403140ms] [LOG] [DEBUG] [SaveQueue] Save successful for slot 1 @ http://localhost:8090/app/entry.ts.bundle?platform=web&dev=true&hot=false&lazy=true&transform.engine=hermes&transform.routerRoot=.%2Fapp&unstable_transformProfile=hermes-stable:211137
[ 2403140ms] [INFO] [INFO] Game save queued successfully {slot: 1} @ http://localhost:8090/app/entry.ts.bundle?platform=web&dev=true&hot=false&lazy=true&transform.engine=hermes&transform.routerRoot=.%2Fapp&unstable_transformProfile=hermes-stable:211135
[ 2403140ms] [LOG] [DEBUG] [SaveLoadMutex] Lock released for save @ http://localhost:8090/app/entry.ts.bundle?platform=web&dev=true&hot=false&lazy=true&transform.engine=hermes&transform.routerRoot=.%2Fapp&unstable_transformProfile=hermes-stable:211137
[ 2403141ms] [LOG] [DEBUG] Periodic auto-save completed @ http://localhost:8090/app/entry.ts.bundle?platform=web&dev=true&hot=false&lazy=true&transform.engine=hermes&transform.routerRoot=.%2Fapp&unstable_transformProfile=hermes-stable:211137
[ 2523114ms] [LOG] [DEBUG] [SaveLoadMutex] Lock acquired for save @ http://localhost:8090/app/entry.ts.bundle?platform=web&dev=true&hot=false&lazy=true&transform.engine=hermes&transform.routerRoot=.%2Fapp&unstable_transformProfile=hermes-stable:211137
[ 2523120ms] [LOG] [DEBUG] [SaveQueue] Persisted 1 queue operations @ http://localhost:8090/app/entry.ts.bundle?platform=web&dev=true&hot=false&lazy=true&transform.engine=hermes&transform.routerRoot=.%2Fapp&unstable_transformProfile=hermes-stable:211137
[ 2523131ms] [INFO] [INFO] Created backup for slot 1: save_backup_1_1787351852533_k (auto_save) @ http://localhost:8090/app/entry.ts.bundle?platform=web&dev=true&hot=false&lazy=true&transform.engine=hermes&transform.routerRoot=.%2Fapp&unstable_transformProfile=hermes-stable:211137
[ 2523133ms] [INFO] [INFO] Removed 1 old backups for slot 1 @ http://localhost:8090/app/entry.ts.bundle?platform=web&dev=true&hot=false&lazy=true&transform.engine=hermes&transform.routerRoot=.%2Fapp&unstable_transformProfile=hermes-stable:211137
[ 2523142ms] [LOG] [DEBUG] Updated protected state for slot 1 @ http://localhost:8090/app/entry.ts.bundle?platform=web&dev=true&hot=false&lazy=true&transform.engine=hermes&transform.routerRoot=.%2Fapp&unstable_transformProfile=hermes-stable:211137
[ 2523142ms] [INFO] [INFO] [SaveQueue] [SAVE_TELEMETRY] slot=1 duration=27ms size=53KB @ http://localhost:8090/app/entry.ts.bundle?platform=web&dev=true&hot=false&lazy=true&transform.engine=hermes&transform.routerRoot=.%2Fapp&unstable_transformProfile=hermes-stable:211137
[ 2523143ms] [LOG] [DEBUG] [SaveQueue] Save successful for slot 1 @ http://localhost:8090/app/entry.ts.bundle?platform=web&dev=true&hot=false&lazy=true&transform.engine=hermes&transform.routerRoot=.%2Fapp&unstable_transformProfile=hermes-stable:211137
[ 2523143ms] [INFO] [INFO] Game save queued successfully {slot: 1} @ http://localhost:8090/app/entry.ts.bundle?platform=web&dev=true&hot=false&lazy=true&transform.engine=hermes&transform.routerRoot=.%2Fapp&unstable_transformProfile=hermes-stable:211135
[ 2523144ms] [LOG] [DEBUG] [SaveLoadMutex] Lock released for save @ http://localhost:8090/app/entry.ts.bundle?platform=web&dev=true&hot=false&lazy=true&transform.engine=hermes&transform.routerRoot=.%2Fapp&unstable_transformProfile=hermes-stable:211137
[ 2523144ms] [LOG] [DEBUG] Periodic auto-save completed @ http://localhost:8090/app/entry.ts.bundle?platform=web&dev=true&hot=false&lazy=true&transform.engine=hermes&transform.routerRoot=.%2Fapp&unstable_transformProfile=hermes-stable:211137
[ 2643114ms] [LOG] [DEBUG] [SaveLoadMutex] Lock acquired for save @ http://localhost:8090/app/entry.ts.bundle?platform=web&dev=true&hot=false&lazy=true&transform.engine=hermes&transform.routerRoot=.%2Fapp&unstable_transformProfile=hermes-stable:211137
[ 2643119ms] [LOG] [DEBUG] [SaveQueue] Persisted 1 queue operations @ http://localhost:8090/app/entry.ts.bundle?platform=web&dev=true&hot=false&lazy=true&transform.engine=hermes&transform.routerRoot=.%2Fapp&unstable_transformProfile=hermes-stable:211137
[ 2643129ms] [INFO] [INFO] Created backup for slot 1: save_backup_1_1787351972531_l (auto_save) @ http://localhost:8090/app/entry.ts.bundle?platform=web&dev=true&hot=false&lazy=true&transform.engine=hermes&transform.routerRoot=.%2Fapp&unstable_transformProfile=hermes-stable:211137
[ 2643130ms] [INFO] [INFO] Removed 1 old backups for slot 1 @ http://localhost:8090/app/entry.ts.bundle?platform=web&dev=true&hot=false&lazy=true&transform.engine=hermes&transform.routerRoot=.%2Fapp&unstable_transformProfile=hermes-stable:211137
[ 2643138ms] [LOG] [DEBUG] Updated protected state for slot 1 @ http://localhost:8090/app/entry.ts.bundle?platform=web&dev=true&hot=false&lazy=true&transform.engine=hermes&transform.routerRoot=.%2Fapp&unstable_transformProfile=hermes-stable:211137
[ 2643138ms] [INFO] [INFO] [SaveQueue] [SAVE_TELEMETRY] slot=1 duration=23ms size=53KB @ http://localhost:8090/app/entry.ts.bundle?platform=web&dev=true&hot=false&lazy=true&transform.engine=hermes&transform.routerRoot=.%2Fapp&unstable_transformProfile=hermes-stable:211137
[ 2643139ms] [LOG] [DEBUG] [SaveQueue] Save successful for slot 1 @ http://localhost:8090/app/entry.ts.bundle?platform=web&dev=true&hot=false&lazy=true&transform.engine=hermes&transform.routerRoot=.%2Fapp&unstable_transformProfile=hermes-stable:211137
[ 2643139ms] [INFO] [INFO] Game save queued successfully {slot: 1} @ http://localhost:8090/app/entry.ts.bundle?platform=web&dev=true&hot=false&lazy=true&transform.engine=hermes&transform.routerRoot=.%2Fapp&unstable_transformProfile=hermes-stable:211135
[ 2643140ms] [LOG] [DEBUG] [SaveLoadMutex] Lock released for save @ http://localhost:8090/app/entry.ts.bundle?platform=web&dev=true&hot=false&lazy=true&transform.engine=hermes&transform.routerRoot=.%2Fapp&unstable_transformProfile=hermes-stable:211137
[ 2643140ms] [LOG] [DEBUG] Periodic auto-save completed @ http://localhost:8090/app/entry.ts.bundle?platform=web&dev=true&hot=false&lazy=true&transform.engine=hermes&transform.routerRoot=.%2Fapp&unstable_transformProfile=hermes-stable:211137
[ 2763114ms] [LOG] [DEBUG] [SaveLoadMutex] Lock acquired for save @ http://localhost:8090/app/entry.ts.bundle?platform=web&dev=true&hot=false&lazy=true&transform.engine=hermes&transform.routerRoot=.%2Fapp&unstable_transformProfile=hermes-stable:211137
[ 2763118ms] [LOG] [DEBUG] [SaveQueue] Persisted 1 queue operations @ http://localhost:8090/app/entry.ts.bundle?platform=web&dev=true&hot=false&lazy=true&transform.engine=hermes&transform.routerRoot=.%2Fapp&unstable_transformProfile=hermes-stable:211137
[ 2763134ms] [INFO] [INFO] Created backup for slot 1: save_backup_1_1787352092536_m (auto_save) @ http://localhost:8090/app/entry.ts.bundle?platform=web&dev=true&hot=false&lazy=true&transform.engine=hermes&transform.routerRoot=.%2Fapp&unstable_transformProfile=hermes-stable:211137
[ 2763135ms] [INFO] [INFO] Removed 1 old backups for slot 1 @ http://localhost:8090/app/entry.ts.bundle?platform=web&dev=true&hot=false&lazy=true&transform.engine=hermes&transform.routerRoot=.%2Fapp&unstable_transformProfile=hermes-stable:211137
[ 2763143ms] [LOG] [DEBUG] Updated protected state for slot 1 @ http://localhost:8090/app/entry.ts.bundle?platform=web&dev=true&hot=false&lazy=true&transform.engine=hermes&transform.routerRoot=.%2Fapp&unstable_transformProfile=hermes-stable:211137
[ 2763143ms] [INFO] [INFO] [SaveQueue] [SAVE_TELEMETRY] slot=1 duration=28ms size=53KB @ http://localhost:8090/app/entry.ts.bundle?platform=web&dev=true&hot=false&lazy=true&transform.engine=hermes&transform.routerRoot=.%2Fapp&unstable_transformProfile=hermes-stable:211137
[ 2763144ms] [LOG] [DEBUG] [SaveQueue] Save successful for slot 1 @ http://localhost:8090/app/entry.ts.bundle?platform=web&dev=true&hot=false&lazy=true&transform.engine=hermes&transform.routerRoot=.%2Fapp&unstable_transformProfile=hermes-stable:211137
[ 2763144ms] [INFO] [INFO] Game save queued successfully {slot: 1} @ http://localhost:8090/app/entry.ts.bundle?platform=web&dev=true&hot=false&lazy=true&transform.engine=hermes&transform.routerRoot=.%2Fapp&unstable_transformProfile=hermes-stable:211135
[ 2763145ms] [LOG] [DEBUG] [SaveLoadMutex] Lock released for save @ http://localhost:8090/app/entry.ts.bundle?platform=web&dev=true&hot=false&lazy=true&transform.engine=hermes&transform.routerRoot=.%2Fapp&unstable_transformProfile=hermes-stable:211137
[ 2763145ms] [LOG] [DEBUG] Periodic auto-save completed @ http://localhost:8090/app/entry.ts.bundle?platform=web&dev=true&hot=false&lazy=true&transform.engine=hermes&transform.routerRoot=.%2Fapp&unstable_transformProfile=hermes-stable:211137
